Archive member included to satisfy reference by file (symbol)

d:/stm32cubeide_1.4.0/stm32cubeide/plugins/com.st.stm32cube.ide.mcu.externaltools.gnu-tools-for-stm32.7-2018-q2-update.win32_1.4.0.202007081208/tools/bin/../lib/gcc/arm-none-eabi/7.3.1/../../../../arm-none-eabi/lib/thumb/v7e-m/fpv4-sp/hard\libc_nano.a(lib_a-errno.o)
                              Core/Src/syscalls.o (__errno)
d:/stm32cubeide_1.4.0/stm32cubeide/plugins/com.st.stm32cube.ide.mcu.externaltools.gnu-tools-for-stm32.7-2018-q2-update.win32_1.4.0.202007081208/tools/bin/../lib/gcc/arm-none-eabi/7.3.1/../../../../arm-none-eabi/lib/thumb/v7e-m/fpv4-sp/hard\libc_nano.a(lib_a-exit.o)
                              d:/stm32cubeide_1.4.0/stm32cubeide/plugins/com.st.stm32cube.ide.mcu.externaltools.gnu-tools-for-stm32.7-2018-q2-update.win32_1.4.0.202007081208/tools/bin/../lib/gcc/arm-none-eabi/7.3.1/../../../../arm-none-eabi/lib/thumb/v7e-m/fpv4-sp/hard/crt0.o (exit)
d:/stm32cubeide_1.4.0/stm32cubeide/plugins/com.st.stm32cube.ide.mcu.externaltools.gnu-tools-for-stm32.7-2018-q2-update.win32_1.4.0.202007081208/tools/bin/../lib/gcc/arm-none-eabi/7.3.1/../../../../arm-none-eabi/lib/thumb/v7e-m/fpv4-sp/hard\libc_nano.a(lib_a-impure.o)
                              d:/stm32cubeide_1.4.0/stm32cubeide/plugins/com.st.stm32cube.ide.mcu.externaltools.gnu-tools-for-stm32.7-2018-q2-update.win32_1.4.0.202007081208/tools/bin/../lib/gcc/arm-none-eabi/7.3.1/../../../../arm-none-eabi/lib/thumb/v7e-m/fpv4-sp/hard\libc_nano.a(lib_a-exit.o) (_global_impure_ptr)
d:/stm32cubeide_1.4.0/stm32cubeide/plugins/com.st.stm32cube.ide.mcu.externaltools.gnu-tools-for-stm32.7-2018-q2-update.win32_1.4.0.202007081208/tools/bin/../lib/gcc/arm-none-eabi/7.3.1/../../../../arm-none-eabi/lib/thumb/v7e-m/fpv4-sp/hard\libc_nano.a(lib_a-init.o)
                              d:/stm32cubeide_1.4.0/stm32cubeide/plugins/com.st.stm32cube.ide.mcu.externaltools.gnu-tools-for-stm32.7-2018-q2-update.win32_1.4.0.202007081208/tools/bin/../lib/gcc/arm-none-eabi/7.3.1/../../../../arm-none-eabi/lib/thumb/v7e-m/fpv4-sp/hard/crt0.o (__libc_init_array)
d:/stm32cubeide_1.4.0/stm32cubeide/plugins/com.st.stm32cube.ide.mcu.externaltools.gnu-tools-for-stm32.7-2018-q2-update.win32_1.4.0.202007081208/tools/bin/../lib/gcc/arm-none-eabi/7.3.1/../../../../arm-none-eabi/lib/thumb/v7e-m/fpv4-sp/hard\libc_nano.a(lib_a-memset.o)
                              d:/stm32cubeide_1.4.0/stm32cubeide/plugins/com.st.stm32cube.ide.mcu.externaltools.gnu-tools-for-stm32.7-2018-q2-update.win32_1.4.0.202007081208/tools/bin/../lib/gcc/arm-none-eabi/7.3.1/../../../../arm-none-eabi/lib/thumb/v7e-m/fpv4-sp/hard/crt0.o (memset)
d:/stm32cubeide_1.4.0/stm32cubeide/plugins/com.st.stm32cube.ide.mcu.externaltools.gnu-tools-for-stm32.7-2018-q2-update.win32_1.4.0.202007081208/tools/bin/../lib/gcc/arm-none-eabi/7.3.1/thumb/v7e-m/fpv4-sp/hard\libgcc.a(_aeabi_uldivmod.o)
                              Drivers/STM32F4xx_HAL_Driver/Src/stm32f4xx_hal_rcc.o (__aeabi_uldivmod)
d:/stm32cubeide_1.4.0/stm32cubeide/plugins/com.st.stm32cube.ide.mcu.externaltools.gnu-tools-for-stm32.7-2018-q2-update.win32_1.4.0.202007081208/tools/bin/../lib/gcc/arm-none-eabi/7.3.1/thumb/v7e-m/fpv4-sp/hard\libgcc.a(_udivmoddi4.o)
                              d:/stm32cubeide_1.4.0/stm32cubeide/plugins/com.st.stm32cube.ide.mcu.externaltools.gnu-tools-for-stm32.7-2018-q2-update.win32_1.4.0.202007081208/tools/bin/../lib/gcc/arm-none-eabi/7.3.1/thumb/v7e-m/fpv4-sp/hard\libgcc.a(_aeabi_uldivmod.o) (__udivmoddi4)
d:/stm32cubeide_1.4.0/stm32cubeide/plugins/com.st.stm32cube.ide.mcu.externaltools.gnu-tools-for-stm32.7-2018-q2-update.win32_1.4.0.202007081208/tools/bin/../lib/gcc/arm-none-eabi/7.3.1/thumb/v7e-m/fpv4-sp/hard\libgcc.a(_dvmd_tls.o)
                              d:/stm32cubeide_1.4.0/stm32cubeide/plugins/com.st.stm32cube.ide.mcu.externaltools.gnu-tools-for-stm32.7-2018-q2-update.win32_1.4.0.202007081208/tools/bin/../lib/gcc/arm-none-eabi/7.3.1/thumb/v7e-m/fpv4-sp/hard\libgcc.a(_aeabi_uldivmod.o) (__aeabi_ldiv0)

Allocating common symbols
Common symbol       size              file

uwTick              0x4               Drivers/STM32F4xx_HAL_Driver/Src/stm32f4xx_hal.o
pFlash              0x20              Drivers/STM32F4xx_HAL_Driver/Src/stm32f4xx_hal_flash.o
hadc1               0x48              Core/Src/main.o
htim6               0x40              Core/Src/main.o
huart4              0x40              Core/Src/main.o
hspi1               0x58              Core/Src/main.o
dhtsensorvar        0x14              Core/Src/main.o

Discarded input sections

 .text          0x0000000000000000        0x0 d:/stm32cubeide_1.4.0/stm32cubeide/plugins/com.st.stm32cube.ide.mcu.externaltools.gnu-tools-for-stm32.7-2018-q2-update.win32_1.4.0.202007081208/tools/bin/../lib/gcc/arm-none-eabi/7.3.1/thumb/v7e-m/fpv4-sp/hard/crti.o
[...]
Memory Configuration

Name             Origin             Length             Attributes
CCMRAM           0x0000000010000000 0x0000000000010000 xrw
RAM              0x0000000020000000 0x0000000000020000 xrw
FLASH            0x0000000008000000 0x0000000000100000 xr
*default*        0x0000000000000000 0xffffffffffffffff

Linker script and memory map

LOAD d:/stm32cubeide_1.4.0/stm32cubeide/plugins/com.st.stm32cube.ide.mcu.externaltools.gnu-tools-for-stm32.7-2018-q2-update.win32_1.4.0.202007081208/tools/bin/../lib/gcc/arm-none-eabi/7.3.1/thumb/v7e-m/fpv4-sp/hard/crti.o
LOAD d:/stm32cubeide_1.4.0/stm32cubeide/plugins/com.st.stm32cube.ide.mcu.externaltools.gnu-tools-for-stm32.7-2018-q2-update.win32_1.4.0.202007081208/tools/bin/../lib/gcc/arm-none-eabi/7.3.1/thumb/v7e-m/fpv4-sp/hard/crtbegin.o
LOAD d:/stm32cubeide_1.4.0/stm32cubeide/plugins/com.st.stm32cube.ide.mcu.externaltools.gnu-tools-for-stm32.7-2018-q2-update.win32_1.4.0.202007081208/tools/bin/../lib/gcc/arm-none-eabi/7.3.1/../../../../arm-none-eabi/lib/thumb/v7e-m/fpv4-sp/hard/crt0.o
LOAD Core/Src/DHT11.o
LOAD Core/Src/main.o
LOAD Core/Src/stm32f4xx_hal_msp.o
LOAD Core/Src/stm32f4xx_it.o
LOAD Core/Src/syscalls.o
LOAD Core/Src/sysmem.o
LOAD Core/Src/system_stm32f4xx.o
LOAD Core/Startup/startup_stm32f407vgtx.o
LOAD Drivers/STM32F4xx_HAL_Driver/Src/stm32f4xx_hal.o
LOAD Drivers/STM32F4xx_HAL_Driver/Src/stm32f4xx_hal_adc.o
LOAD Drivers/STM32F4xx_HAL_Driver/Src/stm32f4xx_hal_adc_ex.o
LOAD Drivers/STM32F4xx_HAL_Driver/Src/stm32f4xx_hal_cortex.o
LOAD Drivers/STM32F4xx_HAL_Driver/Src/stm32f4xx_hal_dma.o
LOAD Drivers/STM32F4xx_HAL_Driver/Src/stm32f4xx_hal_dma_ex.o
LOAD Drivers/STM32F4xx_HAL_Driver/Src/stm32f4xx_hal_exti.o
LOAD Drivers/STM32F4xx_HAL_Driver/Src/stm32f4xx_hal_flash.o
LOAD Drivers/STM32F4xx_HAL_Driver/Src/stm32f4xx_hal_flash_ex.o
LOAD Drivers/STM32F4xx_HAL_Driver/Src/stm32f4xx_hal_flash_ramfunc.o
LOAD Drivers/STM32F4xx_HAL_Driver/Src/stm32f4xx_hal_gpio.o
LOAD Drivers/STM32F4xx_HAL_Driver/Src/stm32f4xx_hal_pwr.o
LOAD Drivers/STM32F4xx_HAL_Driver/Src/stm32f4xx_hal_pwr_ex.o
LOAD Drivers/STM32F4xx_HAL_Driver/Src/stm32f4xx_hal_rcc.o
LOAD Drivers/STM32F4xx_HAL_Driver/Src/stm32f4xx_hal_rcc_ex.o
LOAD Drivers/STM32F4xx_HAL_Driver/Src/stm32f4xx_hal_spi.o
LOAD Drivers/STM32F4xx_HAL_Driver/Src/stm32f4xx_hal_tim.o
LOAD Drivers/STM32F4xx_HAL_Driver/Src/stm32f4xx_hal_tim_ex.o
LOAD Drivers/STM32F4xx_HAL_Driver/Src/stm32f4xx_hal_uart.o
START GROUP
LOAD d:/stm32cubeide_1.4.0/stm32cubeide/plugins/com.st.stm32cube.ide.mcu.externaltools.gnu-tools-for-stm32.7-2018-q2-update.win32_1.4.0.202007081208/tools/bin/../lib/gcc/arm-none-eabi/7.3.1/../../../../arm-none-eabi/lib/thumb/v7e-m/fpv4-sp/hard\libc_nano.a
LOAD d:/stm32cubeide_1.4.0/stm32cubeide/plugins/com.st.stm32cube.ide.mcu.externaltools.gnu-tools-for-stm32.7-2018-q2-update.win32_1.4.0.202007081208/tools/bin/../lib/gcc/arm-none-eabi/7.3.1/../../../../arm-none-eabi/lib/thumb/v7e-m/fpv4-sp/hard\libm.a
END GROUP
START GROUP
LOAD d:/stm32cubeide_1.4.0/stm32cubeide/plugins/com.st.stm32cube.ide.mcu.externaltools.gnu-tools-for-stm32.7-2018-q2-update.win32_1.4.0.202007081208/tools/bin/../lib/gcc/arm-none-eabi/7.3.1/thumb/v7e-m/fpv4-sp/hard\libgcc.a
LOAD d:/stm32cubeide_1.4.0/stm32cubeide/plugins/com.st.stm32cube.ide.mcu.externaltools.gnu-tools-for-stm32.7-2018-q2-update.win32_1.4.0.202007081208/tools/bin/../lib/gcc/arm-none-eabi/7.3.1/../../../../arm-none-eabi/lib/thumb/v7e-m/fpv4-sp/hard\libc_nano.a
END GROUP
START GROUP
LOAD d:/stm32cubeide_1.4.0/stm32cubeide/plugins/com.st.stm32cube.ide.mcu.externaltools.gnu-tools-for-stm32.7-2018-q2-update.win32_1.4.0.202007081208/tools/bin/../lib/gcc/arm-none-eabi/7.3.1/thumb/v7e-m/fpv4-sp/hard\libgcc.a
LOAD d:/stm32cubeide_1.4.0/stm32cubeide/plugins/com.st.stm32cube.ide.mcu.externaltools.gnu-tools-for-stm32.7-2018-q2-update.win32_1.4.0.202007081208/tools/bin/../lib/gcc/arm-none-eabi/7.3.1/../../../../arm-none-eabi/lib/thumb/v7e-m/fpv4-sp/hard\libc_nano.a
LOAD d:/stm32cubeide_1.4.0/stm32cubeide/plugins/com.st.stm32cube.ide.mcu.externaltools.gnu-tools-for-stm32.7-2018-q2-update.win32_1.4.0.202007081208/tools/bin/../lib/gcc/arm-none-eabi/7.3.1/../../../../arm-none-eabi/lib/thumb/v7e-m/fpv4-sp/hard\libnosys.a
END GROUP
START GROUP
LOAD d:/stm32cubeide_1.4.0/stm32cubeide/plugins/com.st.stm32cube.ide.mcu.externaltools.gnu-tools-for-stm32.7-2018-q2-update.win32_1.4.0.202007081208/tools/bin/../lib/gcc/arm-none-eabi/7.3.1/thumb/v7e-m/fpv4-sp/hard\libgcc.a
LOAD d:/stm32cubeide_1.4.0/stm32cubeide/plugins/com.st.stm32cube.ide.mcu.externaltools.gnu-tools-for-stm32.7-2018-q2-update.win32_1.4.0.202007081208/tools/bin/../lib/gcc/arm-none-eabi/7.3.1/../../../../arm-none-eabi/lib/thumb/v7e-m/fpv4-sp/hard\libc_nano.a
LOAD d:/stm32cubeide_1.4.0/stm32cubeide/plugins/com.st.stm32cube.ide.mcu.externaltools.gnu-tools-for-stm32.7-2018-q2-update.win32_1.4.0.202007081208/tools/bin/../lib/gcc/arm-none-eabi/7.3.1/../../../../arm-none-eabi/lib/thumb/v7e-m/fpv4-sp/hard\libnosys.a
END GROUP
LOAD d:/stm32cubeide_1.4.0/stm32cubeide/plugins/com.st.stm32cube.ide.mcu.externaltools.gnu-tools-for-stm32.7-2018-q2-update.win32_1.4.0.202007081208/tools/bin/../lib/gcc/arm-none-eabi/7.3.1/thumb/v7e-m/fpv4-sp/hard/crtend.o
LOAD d:/stm32cubeide_1.4.0/stm32cubeide/plugins/com.st.stm32cube.ide.mcu.externaltools.gnu-tools-for-stm32.7-2018-q2-update.win32_1.4.0.202007081208/tools/bin/../lib/gcc/arm-none-eabi/7.3.1/thumb/v7e-m/fpv4-sp/hard/crtn.o
                0x0000000020020000                _estack = (ORIGIN (RAM) + LENGTH (RAM))
                0x0000000000000200                _Min_Heap_Size = 0x200
                0x0000000000000400                _Min_Stack_Size = 0x400

.isr_vector     0x0000000008000000      0x188
                0x0000000008000000                . = ALIGN (0x4)
 *(.isr_vector)
 .isr_vector    0x0000000008000000      0x188 Core/Startup/startup_stm32f407vgtx.o
                0x0000000008000000                g_pfnVectors
                0x0000000008000188                . = ALIGN (0x4)

.text           0x0000000008000188     0x2d1c
                0x0000000008000188                . = ALIGN (0x4)
 *(.text)
 .text          0x0000000008000188       0x40 d:/stm32cubeide_1.4.0/stm32cubeide/plugins/com.st.stm32cube.ide.mcu.externaltools.gnu-tools-for-stm32.7-2018-q2-update.win32_1.4.0.202007081208/tools/bin/../lib/gcc/arm-none-eabi/7.3.1/thumb/v7e-m/fpv4-sp/hard/crtbegin.o
 .text          0x00000000080001c8       0x30 d:/stm32cubeide_1.4.0/stm32cubeide/plugins/com.st.stm32cube.ide.mcu.externaltools.gnu-tools-for-stm32.7-2018-q2-update.win32_1.4.0.202007081208/tools/bin/../lib/gcc/arm-none-eabi/7.3.1/thumb/v7e-m/fpv4-sp/hard\libgcc.a(_aeabi_uldivmod.o)
                0x00000000080001c8                __aeabi_uldivmod
 .text          0x00000000080001f8      0x2cc d:/stm32cubeide_1.4.0/stm32cubeide/plugins/com.st.stm32cube.ide.mcu.externaltools.gnu-tools-for-stm32.7-2018-q2-update.win32_1.4.0.202007081208/tools/bin/../lib/gcc/arm-none-eabi/7.3.1/thumb/v7e-m/fpv4-sp/hard\libgcc.a(_udivmoddi4.o)
                0x00000000080001f8                __udivmoddi4
 .text          0x00000000080004c4        0x4 d:/stm32cubeide_1.4.0/stm32cubeide/plugins/com.st.stm32cube.ide.mcu.externaltools.gnu-tools-for-stm32.7-2018-q2-update.win32_1.4.0.202007081208/tools/bin/../lib/gcc/arm-none-eabi/7.3.1/thumb/v7e-m/fpv4-sp/hard\libgcc.a(_dvmd_tls.o)
                0x00000000080004c4                __aeabi_idiv0
                0x00000000080004c4                __aeabi_ldiv0
 *(.text*)
 .text.Set_Pin_Output
                0x00000000080004c8       0x40 Core/Src/DHT11.o
                0x00000000080004c8                Set_Pin_Output
 .text.Set_Pin_Input
                0x0000000008000508       0x40 Core/Src/DHT11.o
                0x0000000008000508                Set_Pin_Input
 .text.DHT11_Start
                0x0000000008000548       0x34 Core/Src/DHT11.o
                0x0000000008000548                DHT11_Start
 .text.DHT11_Check_Response
                0x000000000800057c       0x60 Core/Src/DHT11.o
                0x000000000800057c                DHT11_Check_Response
 .text.DHT11_Read
                0x00000000080005dc       0x98 Core/Src/DHT11.o
                0x00000000080005dc                DHT11_Read
 .text.main     0x0000000008000674       0xf8 Core/Src/main.o
                0x0000000008000674                main
 .text.delay    0x000000000800076c       0x30 Core/Src/main.o
                0x000000000800076c                delay
 .text.SystemClock_Config
                0x000000000800079c       0xd0 Core/Src/main.o
                0x000000000800079c                SystemClock_Config
 .text.MX_ADC1_Init
                0x000000000800086c       0xa4 Core/Src/main.o
 .text.MX_SPI1_Init
                0x0000000008000910       0x70 Core/Src/main.o
 .text.MX_TIM6_Init
                0x0000000008000980       0x6c Core/Src/main.o
 .text.MX_UART4_Init
                0x00000000080009ec       0x54 Core/Src/main.o
 .text.MX_GPIO_Init
                0x0000000008000a40      0x11c Core/Src/main.o
 .text.Error_Handler
                0x0000000008000b5c        0xe Core/Src/main.o
                0x0000000008000b5c                Error_Handler
 *fill*         0x0000000008000b6a        0x2 
 .text.HAL_MspInit
                0x0000000008000b6c       0x50 Core/Src/stm32f4xx_hal_msp.o
                0x0000000008000b6c                HAL_MspInit
 .text.HAL_ADC_MspInit
                0x0000000008000bbc       0x88 Core/Src/stm32f4xx_hal_msp.o
                0x0000000008000bbc                HAL_ADC_MspInit
 .text.HAL_SPI_MspInit
                0x0000000008000c44       0x90 Core/Src/stm32f4xx_hal_msp.o
                0x0000000008000c44                HAL_SPI_MspInit
 .text.HAL_TIM_Base_MspInit
                0x0000000008000cd4       0x44 Core/Src/stm32f4xx_hal_msp.o
                0x0000000008000cd4                HAL_TIM_Base_MspInit
 .text.HAL_UART_MspInit
                0x0000000008000d18       0x90 Core/Src/stm32f4xx_hal_msp.o
                0x0000000008000d18                HAL_UART_MspInit
 .text.NMI_Handler
                0x0000000008000da8        0xe Core/Src/stm32f4xx_it.o
                0x0000000008000da8                NMI_Handler
 .text.HardFault_Handler
                0x0000000008000db6        0x6 Core/Src/stm32f4xx_it.o
                0x0000000008000db6                HardFault_Handler
 .text.MemManage_Handler
                0x0000000008000dbc        0x6 Core/Src/stm32f4xx_it.o
                0x0000000008000dbc                MemManage_Handler
 .text.BusFault_Handler
                0x0000000008000dc2        0x6 Core/Src/stm32f4xx_it.o
                0x0000000008000dc2                BusFault_Handler
 .text.UsageFault_Handler
                0x0000000008000dc8        0x6 Core/Src/stm32f4xx_it.o
                0x0000000008000dc8                UsageFault_Handler
 .text.SVC_Handler
                0x0000000008000dce        0xe Core/Src/stm32f4xx_it.o
                0x0000000008000dce                SVC_Handler
 .text.DebugMon_Handler
                0x0000000008000ddc        0xe Core/Src/stm32f4xx_it.o
                0x0000000008000ddc                DebugMon_Handler
 .text.PendSV_Handler
                0x0000000008000dea        0xe Core/Src/stm32f4xx_it.o
                0x0000000008000dea                PendSV_Handler
 .text.SysTick_Handler
                0x0000000008000df8        0xc Core/Src/stm32f4xx_it.o
                0x0000000008000df8                SysTick_Handler
 .text.EXTI0_IRQHandler
                0x0000000008000e04        0xe Core/Src/stm32f4xx_it.o
                0x0000000008000e04                EXTI0_IRQHandler
 *fill*         0x0000000008000e12        0x2 
 .text.SystemInit
                0x0000000008000e14       0x2c Core/Src/system_stm32f4xx.o
                0x0000000008000e14                SystemInit
 .text.Reset_Handler
                0x0000000008000e40       0x50 Core/Startup/startup_stm32f407vgtx.o
                0x0000000008000e40                Reset_Handler
 .text.Default_Handler
                0x0000000008000e90        0x2 Core/Startup/startup_stm32f407vgtx.o
                0x0000000008000e90                RTC_Alarm_IRQHandler
                0x0000000008000e90                HASH_RNG_IRQHandler
                0x0000000008000e90                EXTI2_IRQHandler
                0x0000000008000e90                TIM8_CC_IRQHandler
                0x0000000008000e90                TIM1_CC_IRQHandler
                0x0000000008000e90                DMA2_Stream5_IRQHandler
                0x0000000008000e90                DMA1_Stream5_IRQHandler
                0x0000000008000e90                PVD_IRQHandler
                0x0000000008000e90                SDIO_IRQHandler
                0x0000000008000e90                TAMP_STAMP_IRQHandler
                0x0000000008000e90                CAN2_RX1_IRQHandler
                0x0000000008000e90                EXTI3_IRQHandler
                0x0000000008000e90                TIM8_TRG_COM_TIM14_IRQHandler
                0x0000000008000e90                TIM1_UP_TIM10_IRQHandler
                0x0000000008000e90                TIM8_UP_TIM13_IRQHandler
                0x0000000008000e90                I2C3_ER_IRQHandler
                0x0000000008000e90                I2C2_EV_IRQHandler
                0x0000000008000e90                DMA1_Stream2_IRQHandler
                0x0000000008000e90                CAN1_RX0_IRQHandler
                0x0000000008000e90                FPU_IRQHandler
                0x0000000008000e90                OTG_HS_WKUP_IRQHandler
                0x0000000008000e90                CAN2_SCE_IRQHandler
                0x0000000008000e90                DMA2_Stream2_IRQHandler
                0x0000000008000e90                SPI1_IRQHandler
                0x0000000008000e90                TIM6_DAC_IRQHandler
                0x0000000008000e90                TIM1_BRK_TIM9_IRQHandler
                0x0000000008000e90                DCMI_IRQHandler
                0x0000000008000e90                CAN2_RX0_IRQHandler
                0x0000000008000e90                DMA2_Stream3_IRQHandler
                0x0000000008000e90                USART6_IRQHandler
                0x0000000008000e90                USART3_IRQHandler
                0x0000000008000e90                CAN1_RX1_IRQHandler
                0x0000000008000e90                UART5_IRQHandler
                0x0000000008000e90                DMA2_Stream0_IRQHandler
                0x0000000008000e90                TIM4_IRQHandler
                0x0000000008000e90                I2C1_EV_IRQHandler
                0x0000000008000e90                DMA1_Stream6_IRQHandler
                0x0000000008000e90                DMA1_Stream1_IRQHandler
                0x0000000008000e90                UART4_IRQHandler
                0x0000000008000e90                TIM3_IRQHandler
                0x0000000008000e90                RCC_IRQHandler
                0x0000000008000e90                TIM8_BRK_TIM12_IRQHandler
                0x0000000008000e90                Default_Handler
                0x0000000008000e90                EXTI15_10_IRQHandler
                0x0000000008000e90                ADC_IRQHandler
                0x0000000008000e90                DMA1_Stream7_IRQHandler
                0x0000000008000e90                TIM7_IRQHandler
                0x0000000008000e90                CAN2_TX_IRQHandler
                0x0000000008000e90                TIM5_IRQHandler
                0x0000000008000e90                DMA2_Stream7_IRQHandler
                0x0000000008000e90                I2C3_EV_IRQHandler
                0x0000000008000e90                EXTI9_5_IRQHandler
                0x0000000008000e90                RTC_WKUP_IRQHandler
                0x0000000008000e90                ETH_WKUP_IRQHandler
                0x0000000008000e90                SPI2_IRQHandler
                0x0000000008000e90                OTG_HS_EP1_IN_IRQHandler
                0x0000000008000e90                DMA1_Stream0_IRQHandler
                0x0000000008000e90                CAN1_TX_IRQHandler
                0x0000000008000e90                EXTI4_IRQHandler
                0x0000000008000e90                FSMC_IRQHandler
                0x0000000008000e90                ETH_IRQHandler
                0x0000000008000e90                OTG_HS_EP1_OUT_IRQHandler
                0x0000000008000e90                WWDG_IRQHandler
                0x0000000008000e90                TIM2_IRQHandler
                0x0000000008000e90                OTG_FS_WKUP_IRQHandler
                0x0000000008000e90                TIM1_TRG_COM_TIM11_IRQHandler
                0x0000000008000e90                OTG_HS_IRQHandler
                0x0000000008000e90                EXTI1_IRQHandler
                0x0000000008000e90                USART2_IRQHandler
                0x0000000008000e90                I2C2_ER_IRQHandler
                0x0000000008000e90                DMA2_Stream1_IRQHandler
                0x0000000008000e90                CAN1_SCE_IRQHandler
                0x0000000008000e90                FLASH_IRQHandler
                0x0000000008000e90                DMA2_Stream4_IRQHandler
                0x0000000008000e90                USART1_IRQHandler
                0x0000000008000e90                OTG_FS_IRQHandler
                0x0000000008000e90                SPI3_IRQHandler
                0x0000000008000e90                DMA1_Stream4_IRQHandler
                0x0000000008000e90                I2C1_ER_IRQHandler
                0x0000000008000e90                DMA2_Stream6_IRQHandler
                0x0000000008000e90                DMA1_Stream3_IRQHandler
 *fill*         0x0000000008000e92        0x2 
 .text.HAL_Init
                0x0000000008000e94       0x44 Drivers/STM32F4xx_HAL_Driver/Src/stm32f4xx_hal.o
                0x0000000008000e94                HAL_Init
 .text.HAL_InitTick
                0x0000000008000ed8       0x60 Drivers/STM32F4xx_HAL_Driver/Src/stm32f4xx_hal.o
                0x0000000008000ed8                HAL_InitTick
 .text.HAL_IncTick
                0x0000000008000f38       0x28 Drivers/STM32F4xx_HAL_Driver/Src/stm32f4xx_hal.o
                0x0000000008000f38                HAL_IncTick
 .text.HAL_GetTick
                0x0000000008000f60       0x18 Drivers/STM32F4xx_HAL_Driver/Src/stm32f4xx_hal.o
                0x0000000008000f60                HAL_GetTick
 .text.HAL_ADC_Init
                0x0000000008000f78       0x86 Drivers/STM32F4xx_HAL_Driver/Src/stm32f4xx_hal_adc.o
                0x0000000008000f78                HAL_ADC_Init
 *fill*         0x0000000008000ffe        0x2 
 .text.HAL_ADC_ConfigChannel
                0x0000000008001000      0x244 Drivers/STM32F4xx_HAL_Driver/Src/stm32f4xx_hal_adc.o
                0x0000000008001000                HAL_ADC_ConfigChannel
 .text.ADC_Init
                0x0000000008001244      0x1f8 Drivers/STM32F4xx_HAL_Driver/Src/stm32f4xx_hal_adc.o
 .text.__NVIC_SetPriorityGrouping
                0x000000000800143c       0x48 Drivers/STM32F4xx_HAL_Driver/Src/stm32f4xx_hal_cortex.o
 .text.__NVIC_GetPriorityGrouping
                0x0000000008001484       0x1c Drivers/STM32F4xx_HAL_Driver/Src/stm32f4xx_hal_cortex.o
 .text.__NVIC_EnableIRQ
                0x00000000080014a0       0x3c Drivers/STM32F4xx_HAL_Driver/Src/stm32f4xx_hal_cortex.o
 .text.__NVIC_SetPriority
                0x00000000080014dc       0x54 Drivers/STM32F4xx_HAL_Driver/Src/stm32f4xx_hal_cortex.o
 .text.NVIC_EncodePriority
                0x0000000008001530       0x66 Drivers/STM32F4xx_HAL_Driver/Src/stm32f4xx_hal_cortex.o
 *fill*         0x0000000008001596        0x2 
 .text.SysTick_Config
                0x0000000008001598       0x44 Drivers/STM32F4xx_HAL_Driver/Src/stm32f4xx_hal_cortex.o
 .text.HAL_NVIC_SetPriorityGrouping
                0x00000000080015dc       0x16 Drivers/STM32F4xx_HAL_Driver/Src/stm32f4xx_hal_cortex.o
                0x00000000080015dc                HAL_NVIC_SetPriorityGrouping
 .text.HAL_NVIC_SetPriority
                0x00000000080015f2       0x38 Drivers/STM32F4xx_HAL_Driver/Src/stm32f4xx_hal_cortex.o
                0x00000000080015f2                HAL_NVIC_SetPriority
 .text.HAL_NVIC_EnableIRQ
                0x000000000800162a       0x1c Drivers/STM32F4xx_HAL_Driver/Src/stm32f4xx_hal_cortex.o
                0x000000000800162a                HAL_NVIC_EnableIRQ
 .text.HAL_SYSTICK_Config
                0x0000000008001646       0x18 Drivers/STM32F4xx_HAL_Driver/Src/stm32f4xx_hal_cortex.o
                0x0000000008001646                HAL_SYSTICK_Config
 *fill*         0x000000000800165e        0x2 
 .text.HAL_GPIO_Init
                0x0000000008001660      0x334 Drivers/STM32F4xx_HAL_Driver/Src/stm32f4xx_hal_gpio.o
                0x0000000008001660                HAL_GPIO_Init
 .text.HAL_GPIO_ReadPin
                0x0000000008001994       0x30 Drivers/STM32F4xx_HAL_Driver/Src/stm32f4xx_hal_gpio.o
                0x0000000008001994                HAL_GPIO_ReadPin
 .text.HAL_GPIO_WritePin
                0x00000000080019c4       0x32 Drivers/STM32F4xx_HAL_Driver/Src/stm32f4xx_hal_gpio.o
                0x00000000080019c4                HAL_GPIO_WritePin
 *fill*         0x00000000080019f6        0x2 
 .text.HAL_GPIO_EXTI_IRQHandler
                0x00000000080019f8       0x30 Drivers/STM32F4xx_HAL_Driver/Src/stm32f4xx_hal_gpio.o
                0x00000000080019f8                HAL_GPIO_EXTI_IRQHandler
 .text.HAL_GPIO_EXTI_Callback
                0x0000000008001a28       0x16 Drivers/STM32F4xx_HAL_Driver/Src/stm32f4xx_hal_gpio.o
                0x0000000008001a28                HAL_GPIO_EXTI_Callback
 *fill*         0x0000000008001a3e        0x2 
 .text.HAL_RCC_OscConfig
                0x0000000008001a40      0x4e0 Drivers/STM32F4xx_HAL_Driver/Src/stm32f4xx_hal_rcc.o
                0x0000000008001a40                HAL_RCC_OscConfig
 .text.HAL_RCC_ClockConfig
                0x0000000008001f20      0x1cc Drivers/STM32F4xx_HAL_Driver/Src/stm32f4xx_hal_rcc.o
                0x0000000008001f20                HAL_RCC_ClockConfig
 .text.HAL_RCC_GetSysClockFreq
                0x00000000080020ec      0x1ac Drivers/STM32F4xx_HAL_Driver/Src/stm32f4xx_hal_rcc.o
                0x00000000080020ec                HAL_RCC_GetSysClockFreq
 .text.HAL_RCC_GetHCLKFreq
                0x0000000008002298       0x18 Drivers/STM32F4xx_HAL_Driver/Src/stm32f4xx_hal_rcc.o
                0x0000000008002298                HAL_RCC_GetHCLKFreq
 .text.HAL_RCC_GetPCLK1Freq
                0x00000000080022b0       0x28 Drivers/STM32F4xx_HAL_Driver/Src/stm32f4xx_hal_rcc.o
                0x00000000080022b0                HAL_RCC_GetPCLK1Freq
 .text.HAL_RCC_GetPCLK2Freq
                0x00000000080022d8       0x28 Drivers/STM32F4xx_HAL_Driver/Src/stm32f4xx_hal_rcc.o
                0x00000000080022d8                HAL_RCC_GetPCLK2Freq
 .text.HAL_SPI_Init
                0x0000000008002300       0xc8 Drivers/STM32F4xx_HAL_Driver/Src/stm32f4xx_hal_spi.o
                0x0000000008002300                HAL_SPI_Init
 .text.HAL_TIM_Base_Init
                0x00000000080023c8       0x56 Drivers/STM32F4xx_HAL_Driver/Src/stm32f4xx_hal_tim.o
                0x00000000080023c8                HAL_TIM_Base_Init
 .text.HAL_TIM_Base_Start
                0x000000000800241e       0x48 Drivers/STM32F4xx_HAL_Driver/Src/stm32f4xx_hal_tim.o
                0x000000000800241e                HAL_TIM_Base_Start
 *fill*         0x0000000008002466        0x2 
 .text.TIM_Base_SetConfig
                0x0000000008002468      0x140 Drivers/STM32F4xx_HAL_Driver/Src/stm32f4xx_hal_tim.o
                0x0000000008002468                TIM_Base_SetConfig
 .text.HAL_TIMEx_MasterConfigSynchronization
                0x00000000080025a8       0xf8 Drivers/STM32F4xx_HAL_Driver/Src/stm32f4xx_hal_tim_ex.o
                0x00000000080025a8                HAL_TIMEx_MasterConfigSynchronization
 .text.HAL_UART_Init
                0x00000000080026a0       0x9a Drivers/STM32F4xx_HAL_Driver/Src/stm32f4xx_hal_uart.o
                0x00000000080026a0                HAL_UART_Init
 *fill*         0x000000000800273a        0x2 
 .text.UART_SetConfig
                0x000000000800273c      0x6f8 Drivers/STM32F4xx_HAL_Driver/Src/stm32f4xx_hal_uart.o
 .text.__libc_init_array
                0x0000000008002e34       0x48 d:/stm32cubeide_1.4.0/stm32cubeide/plugins/com.st.stm32cube.ide.mcu.externaltools.gnu-tools-for-stm32.7-2018-q2-update.win32_1.4.0.202007081208/tools/bin/../lib/gcc/arm-none-eabi/7.3.1/../../../../arm-none-eabi/lib/thumb/v7e-m/fpv4-sp/hard\libc_nano.a(lib_a-init.o)
                0x0000000008002e34                __libc_init_array
 .text.memset   0x0000000008002e7c       0x10 d:/stm32cubeide_1.4.0/stm32cubeide/plugins/com.st.stm32cube.ide.mcu.externaltools.gnu-tools-for-stm32.7-2018-q2-update.win32_1.4.0.202007081208/tools/bin/../lib/gcc/arm-none-eabi/7.3.1/../../../../arm-none-eabi/lib/thumb/v7e-m/fpv4-sp/hard\libc_nano.a(lib_a-memset.o)
                0x0000000008002e7c                memset
 *(.glue_7)
 .glue_7        0x0000000008002e8c        0x0 linker stubs
 *(.glue_7t)
 .glue_7t       0x0000000008002e8c        0x0 linker stubs
 *(.eh_frame)
 .eh_frame      0x0000000008002e8c        0x0 d:/stm32cubeide_1.4.0/stm32cubeide/plugins/com.st.stm32cube.ide.mcu.externaltools.gnu-tools-for-stm32.7-2018-q2-update.win32_1.4.0.202007081208/tools/bin/../lib/gcc/arm-none-eabi/7.3.1/thumb/v7e-m/fpv4-sp/hard/crtbegin.o
 *(.init)
 .init          0x0000000008002e8c        0x4 d:/stm32cubeide_1.4.0/stm32cubeide/plugins/com.st.stm32cube.ide.mcu.externaltools.gnu-tools-for-stm32.7-2018-q2-update.win32_1.4.0.202007081208/tools/bin/../lib/gcc/arm-none-eabi/7.3.1/thumb/v7e-m/fpv4-sp/hard/crti.o
                0x0000000008002e8c                _init
 .init          0x0000000008002e90        0x8 d:/stm32cubeide_1.4.0/stm32cubeide/plugins/com.st.stm32cube.ide.mcu.externaltools.gnu-tools-for-stm32.7-2018-q2-update.win32_1.4.0.202007081208/tools/bin/../lib/gcc/arm-none-eabi/7.3.1/thumb/v7e-m/fpv4-sp/hard/crtn.o
 *(.fini)
 .fini          0x0000000008002e98        0x4 d:/stm32cubeide_1.4.0/stm32cubeide/plugins/com.st.stm32cube.ide.mcu.externaltools.gnu-tools-for-stm32.7-2018-q2-update.win32_1.4.0.202007081208/tools/bin/../lib/gcc/arm-none-eabi/7.3.1/thumb/v7e-m/fpv4-sp/hard/crti.o
                0x0000000008002e98                _fini
 .fini          0x0000000008002e9c        0x8 d:/stm32cubeide_1.4.0/stm32cubeide/plugins/com.st.stm32cube.ide.mcu.externaltools.gnu-tools-for-stm32.7-2018-q2-update.win32_1.4.0.202007081208/tools/bin/../lib/gcc/arm-none-eabi/7.3.1/thumb/v7e-m/fpv4-sp/hard/crtn.o
                0x0000000008002ea4                . = ALIGN (0x4)
                0x0000000008002ea4                _etext = .

.vfp11_veneer   0x0000000008002ea4        0x0
 .vfp11_veneer  0x0000000008002ea4        0x0 linker stubs

.v4_bx          0x0000000008002ea4        0x0
 .v4_bx         0x0000000008002ea4        0x0 linker stubs

.iplt           0x0000000008002ea4        0x0
 .iplt          0x0000000008002ea4        0x0 d:/stm32cubeide_1.4.0/stm32cubeide/plugins/com.st.stm32cube.ide.mcu.externaltools.gnu-tools-for-stm32.7-2018-q2-update.win32_1.4.0.202007081208/tools/bin/../lib/gcc/arm-none-eabi/7.3.1/thumb/v7e-m/fpv4-sp/hard/crtbegin.o

.rodata         0x0000000008002ea4       0x18
                0x0000000008002ea4                . = ALIGN (0x4)
 *(.rodata)
 *(.rodata*)
 .rodata.AHBPrescTable
                0x0000000008002ea4       0x10 Core/Src/system_stm32f4xx.o
                0x0000000008002ea4                AHBPrescTable
 .rodata.APBPrescTable
                0x0000000008002eb4        0x8 Core/Src/system_stm32f4xx.o
                0x0000000008002eb4                APBPrescTable
                0x0000000008002ebc                . = ALIGN (0x4)

.ARM.extab      0x0000000008002ebc        0x0
                0x0000000008002ebc                . = ALIGN (0x4)
 *(.ARM.extab* .gnu.linkonce.armextab.*)
                0x0000000008002ebc                . = ALIGN (0x4)

.ARM            0x0000000008002ebc        0x8
                0x0000000008002ebc                . = ALIGN (0x4)
                0x0000000008002ebc                __exidx_start = .
 *(.ARM.exidx*)
 .ARM.exidx     0x0000000008002ebc        0x8 d:/stm32cubeide_1.4.0/stm32cubeide/plugins/com.st.stm32cube.ide.mcu.externaltools.gnu-tools-for-stm32.7-2018-q2-update.win32_1.4.0.202007081208/tools/bin/../lib/gcc/arm-none-eabi/7.3.1/thumb/v7e-m/fpv4-sp/hard\libgcc.a(_udivmoddi4.o)
                0x0000000008002ec4                __exidx_end = .
                0x0000000008002ec4                . = ALIGN (0x4)

.rel.dyn        0x0000000008002ec4        0x0
 .rel.iplt      0x0000000008002ec4        0x0 d:/stm32cubeide_1.4.0/stm32cubeide/plugins/com.st.stm32cube.ide.mcu.externaltools.gnu-tools-for-stm32.7-2018-q2-update.win32_1.4.0.202007081208/tools/bin/../lib/gcc/arm-none-eabi/7.3.1/thumb/v7e-m/fpv4-sp/hard/crtbegin.o

.preinit_array  0x0000000008002ec4        0x0
                0x0000000008002ec4                . = ALIGN (0x4)
                0x0000000008002ec4                PROVIDE (__preinit_array_start = .)
 *(.preinit_array*)
                0x0000000008002ec4                PROVIDE (__preinit_array_end = .)
                0x0000000008002ec4                . = ALIGN (0x4)

.init_array     0x0000000008002ec4        0x4
                0x0000000008002ec4                . = ALIGN (0x4)
                0x0000000008002ec4                PROVIDE (__init_array_start = .)
 *(SORT_BY_NAME(.init_array.*))
 *(.init_array*)
 .init_array    0x0000000008002ec4        0x4 d:/stm32cubeide_1.4.0/stm32cubeide/plugins/com.st.stm32cube.ide.mcu.externaltools.gnu-tools-for-stm32.7-2018-q2-update.win32_1.4.0.202007081208/tools/bin/../lib/gcc/arm-none-eabi/7.3.1/thumb/v7e-m/fpv4-sp/hard/crtbegin.o
                0x0000000008002ec8                PROVIDE (__init_array_end = .)
                0x0000000008002ec8                . = ALIGN (0x4)

.fini_array     0x0000000008002ec8        0x4
                0x0000000008002ec8                . = ALIGN (0x4)
                [!provide]                        PROVIDE (__fini_array_start = .)
 *(SORT_BY_NAME(.fini_array.*))
 *(.fini_array*)
 .fini_array    0x0000000008002ec8        0x4 d:/stm32cubeide_1.4.0/stm32cubeide/plugins/com.st.stm32cube.ide.mcu.externaltools.gnu-tools-for-stm32.7-2018-q2-update.win32_1.4.0.202007081208/tools/bin/../lib/gcc/arm-none-eabi/7.3.1/thumb/v7e-m/fpv4-sp/hard/crtbegin.o
                [!provide]                        PROVIDE (__fini_array_end = .)
                0x0000000008002ecc                . = ALIGN (0x4)
                0x0000000008002ecc                _sidata = LOADADDR (.data)

.data           0x0000000020000000        0xc load address 0x0000000008002ecc
                0x0000000020000000                . = ALIGN (0x4)
                0x0000000020000000                _sdata = .
 *(.data)
 *(.data*)
 .data.SystemCoreClock
                0x0000000020000000        0x4 Core/Src/system_stm32f4xx.o
                0x0000000020000000                SystemCoreClock
 .data.uwTickPrio
                0x0000000020000004        0x4 Drivers/STM32F4xx_HAL_Driver/Src/stm32f4xx_hal.o
                0x0000000020000004                uwTickPrio
 .data.uwTickFreq
                0x0000000020000008        0x1 Drivers/STM32F4xx_HAL_Driver/Src/stm32f4xx_hal.o
                0x0000000020000008                uwTickFreq
                0x000000002000000c                . = ALIGN (0x4)
 *fill*         0x0000000020000009        0x3 
                0x000000002000000c                _edata = .

.igot.plt       0x000000002000000c        0x0 load address 0x0000000008002ed8
 .igot.plt      0x000000002000000c        0x0 d:/stm32cubeide_1.4.0/stm32cubeide/plugins/com.st.stm32cube.ide.mcu.externaltools.gnu-tools-for-stm32.7-2018-q2-update.win32_1.4.0.202007081208/tools/bin/../lib/gcc/arm-none-eabi/7.3.1/thumb/v7e-m/fpv4-sp/hard/crtbegin.o
                0x000000002000000c                . = ALIGN (0x4)

.bss            0x000000002000000c      0x154 load address 0x0000000008002ed8
                0x000000002000000c                _sbss = .
                0x000000002000000c                __bss_start__ = _sbss
 *(.bss)
 .bss           0x000000002000000c       0x1c d:/stm32cubeide_1.4.0/stm32cubeide/plugins/com.st.stm32cube.ide.mcu.externaltools.gnu-tools-for-stm32.7-2018-q2-update.win32_1.4.0.202007081208/tools/bin/../lib/gcc/arm-none-eabi/7.3.1/thumb/v7e-m/fpv4-sp/hard/crtbegin.o
 *(.bss*)
 *(COMMON)
 COMMON         0x0000000020000028      0x134 Core/Src/main.o
                0x0000000020000028                hadc1
                0x0000000020000070                htim6
                0x00000000200000b0                huart4
                0x00000000200000f0                hspi1
                0x0000000020000148                dhtsensorvar
 COMMON         0x000000002000015c        0x4 Drivers/STM32F4xx_HAL_Driver/Src/stm32f4xx_hal.o
                0x000000002000015c                uwTick
                0x0000000020000160                . = ALIGN (0x4)
                0x0000000020000160                _ebss = .
                0x0000000020000160                __bss_end__ = _ebss

._user_heap_stack
                0x0000000020000160      0x600 load address 0x0000000008002ed8
                0x0000000020000160                . = ALIGN (0x8)
                [!provide]                        PROVIDE (end = .)
                0x0000000020000160                PROVIDE (_end = .)
                0x0000000020000360                . = (. + _Min_Heap_Size)
 *fill*         0x0000000020000160      0x200 
                0x0000000020000760                . = (. + _Min_Stack_Size)
 *fill*         0x0000000020000360      0x400 
                0x0000000020000760                . = ALIGN (0x8)

/DISCARD/
 libc.a(*)
 libm.a(*)
 libgcc.a(*)

.ARM.attributes
                0x0000000000000000       0x30
 *(.ARM.attributes)
 .ARM.attributes
                0x0000000000000000       0x22 d:/stm32cubeide_1.4.0/stm32cubeide/plugins/com.st.stm32cube.ide.mcu.externaltools.gnu-tools-for-stm32.7-2018-q2-update.win32_1.4.0.202007081208/tools/bin/../lib/gcc/arm-none-eabi/7.3.1/thumb/v7e-m/fpv4-sp/hard/crti.o
 .ARM.attributes
                0x0000000000000022       0x34 d:/stm32cubeide_1.4.0/stm32cubeide/plugins/com.st.stm32cube.ide.mcu.externaltools.gnu-tools-for-stm32.7-2018-q2-update.win32_1.4.0.202007081208/tools/bin/../lib/gcc/arm-none-eabi/7.3.1/thumb/v7e-m/fpv4-sp/hard/crtbegin.o
 .ARM.attributes
                0x0000000000000056       0x39 Core/Src/DHT11.o
 .ARM.attributes
                0x000000000000008f       0x39 Core/Src/main.o
 .ARM.attributes
                0x00000000000000c8       0x39 Core/Src/stm32f4xx_hal_msp.o
 .ARM.attributes
                0x0000000000000101       0x39 Core/Src/stm32f4xx_it.o
 .ARM.attributes
                0x000000000000013a       0x39 Core/Src/system_stm32f4xx.o
 .ARM.attributes
                0x0000000000000173       0x21 Core/Startup/startup_stm32f407vgtx.o
 .ARM.attributes
                0x0000000000000194       0x39 Drivers/STM32F4xx_HAL_Driver/Src/stm32f4xx_hal.o
 .ARM.attributes
                0x00000000000001cd       0x39 Drivers/STM32F4xx_HAL_Driver/Src/stm32f4xx_hal_adc.o
 .ARM.attributes
                0x0000000000000206       0x39 Drivers/STM32F4xx_HAL_Driver/Src/stm32f4xx_hal_cortex.o
 .ARM.attributes
                0x000000000000023f       0x39 Drivers/STM32F4xx_HAL_Driver/Src/stm32f4xx_hal_gpio.o
 .ARM.attributes
                0x0000000000000278       0x39 Drivers/STM32F4xx_HAL_Driver/Src/stm32f4xx_hal_rcc.o
 .ARM.attributes
                0x00000000000002b1       0x39 Drivers/STM32F4xx_HAL_Driver/Src/stm32f4xx_hal_spi.o
 .ARM.attributes
                0x00000000000002ea       0x39 Drivers/STM32F4xx_HAL_Driver/Src/stm32f4xx_hal_tim.o
 .ARM.attributes
                0x0000000000000323       0x39 Drivers/STM32F4xx_HAL_Driver/Src/stm32f4xx_hal_tim_ex.o
 .ARM.attributes
                0x000000000000035c       0x39 Drivers/STM32F4xx_HAL_Driver/Src/stm32f4xx_hal_uart.o
 .ARM.attributes
                0x0000000000000395       0x34 d:/stm32cubeide_1.4.0/stm32cubeide/plugins/com.st.stm32cube.ide.mcu.externaltools.gnu-tools-for-stm32.7-2018-q2-update.win32_1.4.0.202007081208/tools/bin/../lib/gcc/arm-none-eabi/7.3.1/../../../../arm-none-eabi/lib/thumb/v7e-m/fpv4-sp/hard\libc_nano.a(lib_a-init.o)
 .ARM.attributes
                0x00000000000003c9       0x34 d:/stm32cubeide_1.4.0/stm32cubeide/plugins/com.st.stm32cube.ide.mcu.externaltools.gnu-tools-for-stm32.7-2018-q2-update.win32_1.4.0.202007081208/tools/bin/../lib/gcc/arm-none-eabi/7.3.1/../../../../arm-none-eabi/lib/thumb/v7e-m/fpv4-sp/hard\libc_nano.a(lib_a-memset.o)
 .ARM.attributes
                0x00000000000003fd       0x22 d:/stm32cubeide_1.4.0/stm32cubeide/plugins/com.st.stm32cube.ide.mcu.externaltools.gnu-tools-for-stm32.7-2018-q2-update.win32_1.4.0.202007081208/tools/bin/../lib/gcc/arm-none-eabi/7.3.1/thumb/v7e-m/fpv4-sp/hard\libgcc.a(_aeabi_uldivmod.o)
 .ARM.attributes
                0x000000000000041f       0x34 d:/stm32cubeide_1.4.0/stm32cubeide/plugins/com.st.stm32cube.ide.mcu.externaltools.gnu-tools-for-stm32.7-2018-q2-update.win32_1.4.0.202007081208/tools/bin/../lib/gcc/arm-none-eabi/7.3.1/thumb/v7e-m/fpv4-sp/hard\libgcc.a(_udivmoddi4.o)
 .ARM.attributes
                0x0000000000000453       0x22 d:/stm32cubeide_1.4.0/stm32cubeide/plugins/com.st.stm32cube.ide.mcu.externaltools.gnu-tools-for-stm32.7-2018-q2-update.win32_1.4.0.202007081208/tools/bin/../lib/gcc/arm-none-eabi/7.3.1/thumb/v7e-m/fpv4-sp/hard\libgcc.a(_dvmd_tls.o)
 .ARM.attributes
                0x0000000000000475       0x22 d:/stm32cubeide_1.4.0/stm32cubeide/plugins/com.st.stm32cube.ide.mcu.externaltools.gnu-tools-for-stm32.7-2018-q2-update.win32_1.4.0.202007081208/tools/bin/../lib/gcc/arm-none-eabi/7.3.1/thumb/v7e-m/fpv4-sp/hard/crtn.o
OUTPUT(001HumidtyMonitor.elf elf32-littlearm)

.debug_info     0x0000000000000000     0xc6bf
 .debug_info    0x0000000000000000      0x39a Core/Src/DHT11.o
 .debug_info    0x000000000000039a     0x1613 Core/Src/main.o
 .debug_info    0x00000000000019ad     0x11d1 Core/Src/stm32f4xx_hal_msp.o
 .debug_info    0x0000000000002b7e      0x231 Core/Src/stm32f4xx_it.o
 .debug_info    0x0000000000002daf      0x554 Core/Src/system_stm32f4xx.o
 .debug_info    0x0000000000003303       0x22 Core/Startup/startup_stm32f407vgtx.o
 .debug_info    0x0000000000003325      0x945 Drivers/STM32F4xx_HAL_Driver/Src/stm32f4xx_hal.o
 .debug_info    0x0000000000003c6a      0xcee Drivers/STM32F4xx_HAL_Driver/Src/stm32f4xx_hal_adc.o
 .debug_info    0x0000000000004958      0xe28 Drivers/STM32F4xx_HAL_Driver/Src/stm32f4xx_hal_cortex.o
 .debug_info    0x0000000000005780      0x7b5 Drivers/STM32F4xx_HAL_Driver/Src/stm32f4xx_hal_gpio.o
 .debug_info    0x0000000000005f35      0x904 Drivers/STM32F4xx_HAL_Driver/Src/stm32f4xx_hal_rcc.o
 .debug_info    0x0000000000006839     0x163a Drivers/STM32F4xx_HAL_Driver/Src/stm32f4xx_hal_spi.o
 .debug_info    0x0000000000007e73     0x24a9 Drivers/STM32F4xx_HAL_Driver/Src/stm32f4xx_hal_tim.o
 .debug_info    0x000000000000a31c     0x1157 Drivers/STM32F4xx_HAL_Driver/Src/stm32f4xx_hal_tim_ex.o
 .debug_info    0x000000000000b473     0x124c Drivers/STM32F4xx_HAL_Driver/Src/stm32f4xx_hal_uart.o

.debug_abbrev   0x0000000000000000     0x1b4b
 .debug_abbrev  0x0000000000000000      0x19c Core/Src/DHT11.o
 .debug_abbrev  0x000000000000019c      0x219 Core/Src/main.o
 .debug_abbrev  0x00000000000003b5      0x1ef Core/Src/stm32f4xx_hal_msp.o
 .debug_abbrev  0x00000000000005a4       0xc6 Core/Src/stm32f4xx_it.o
 .debug_abbrev  0x000000000000066a      0x12b Core/Src/system_stm32f4xx.o
 .debug_abbrev  0x0000000000000795       0x12 Core/Startup/startup_stm32f407vgtx.o
 .debug_abbrev  0x00000000000007a7      0x1c7 Drivers/STM32F4xx_HAL_Driver/Src/stm32f4xx_hal.o
 .debug_abbrev  0x000000000000096e      0x205 Drivers/STM32F4xx_HAL_Driver/Src/stm32f4xx_hal_adc.o
 .debug_abbrev  0x0000000000000b73      0x2fa Drivers/STM32F4xx_HAL_Driver/Src/stm32f4xx_hal_cortex.o
 .debug_abbrev  0x0000000000000e6d      0x1c9 Drivers/STM32F4xx_HAL_Driver/Src/stm32f4xx_hal_gpio.o
 .debug_abbrev  0x0000000000001036      0x245 Drivers/STM32F4xx_HAL_Driver/Src/stm32f4xx_hal_rcc.o
 .debug_abbrev  0x000000000000127b      0x240 Drivers/STM32F4xx_HAL_Driver/Src/stm32f4xx_hal_spi.o
 .debug_abbrev  0x00000000000014bb      0x230 Drivers/STM32F4xx_HAL_Driver/Src/stm32f4xx_hal_tim.o
 .debug_abbrev  0x00000000000016eb      0x21e Drivers/STM32F4xx_HAL_Driver/Src/stm32f4xx_hal_tim_ex.o
 .debug_abbrev  0x0000000000001909      0x242 Drivers/STM32F4xx_HAL_Driver/Src/stm32f4xx_hal_uart.o

.debug_aranges  0x0000000000000000      0xe20
 .debug_aranges
                0x0000000000000000       0x40 Core/Src/DHT11.o
 .debug_aranges
                0x0000000000000040       0x60 Core/Src/main.o
 .debug_aranges
                0x00000000000000a0       0x60 Core/Src/stm32f4xx_hal_msp.o
 .debug_aranges
                0x0000000000000100       0x68 Core/Src/stm32f4xx_it.o
 .debug_aranges
                0x0000000000000168       0x28 Core/Src/system_stm32f4xx.o
 .debug_aranges
                0x0000000000000190       0x28 Core/Startup/startup_stm32f407vgtx.o
 .debug_aranges
                0x00000000000001b8       0xf0 Drivers/STM32F4xx_HAL_Driver/Src/stm32f4xx_hal.o
 .debug_aranges
                0x00000000000002a8       0xe8 Drivers/STM32F4xx_HAL_Driver/Src/stm32f4xx_hal_adc.o
 .debug_aranges
                0x0000000000000390      0x118 Drivers/STM32F4xx_HAL_Driver/Src/stm32f4xx_hal_cortex.o
 .debug_aranges
                0x00000000000004a8       0x58 Drivers/STM32F4xx_HAL_Driver/Src/stm32f4xx_hal_gpio.o
 .debug_aranges
                0x0000000000000500       0x88 Drivers/STM32F4xx_HAL_Driver/Src/stm32f4xx_hal_rcc.o
 .debug_aranges
                0x0000000000000588      0x1d0 Drivers/STM32F4xx_HAL_Driver/Src/stm32f4xx_hal_spi.o
 .debug_aranges
                0x0000000000000758      0x3a8 Drivers/STM32F4xx_HAL_Driver/Src/stm32f4xx_hal_tim.o
 .debug_aranges
                0x0000000000000b00      0x150 Drivers/STM32F4xx_HAL_Driver/Src/stm32f4xx_hal_tim_ex.o
 .debug_aranges
                0x0000000000000c50      0x1d0 Drivers/STM32F4xx_HAL_Driver/Src/stm32f4xx_hal_uart.o

.debug_ranges   0x0000000000000000      0xd38
 .debug_ranges  0x0000000000000000       0x30 Core/Src/DHT11.o
 .debug_ranges  0x0000000000000030       0x50 Core/Src/main.o
 .debug_ranges  0x0000000000000080       0x50 Core/Src/stm32f4xx_hal_msp.o
 .debug_ranges  0x00000000000000d0       0x58 Core/Src/stm32f4xx_it.o
 .debug_ranges  0x0000000000000128       0x18 Core/Src/system_stm32f4xx.o
 .debug_ranges  0x0000000000000140       0x20 Core/Startup/startup_stm32f407vgtx.o
 .debug_ranges  0x0000000000000160       0xe0 Drivers/STM32F4xx_HAL_Driver/Src/stm32f4xx_hal.o
 .debug_ranges  0x0000000000000240       0xd8 Drivers/STM32F4xx_HAL_Driver/Src/stm32f4xx_hal_adc.o
 .debug_ranges  0x0000000000000318      0x108 Drivers/STM32F4xx_HAL_Driver/Src/stm32f4xx_hal_cortex.o
 .debug_ranges  0x0000000000000420       0x48 Drivers/STM32F4xx_HAL_Driver/Src/stm32f4xx_hal_gpio.o
 .debug_ranges  0x0000000000000468       0x78 Drivers/STM32F4xx_HAL_Driver/Src/stm32f4xx_hal_rcc.o
 .debug_ranges  0x00000000000004e0      0x1c0 Drivers/STM32F4xx_HAL_Driver/Src/stm32f4xx_hal_spi.o
 .debug_ranges  0x00000000000006a0      0x398 Drivers/STM32F4xx_HAL_Driver/Src/stm32f4xx_hal_tim.o
 .debug_ranges  0x0000000000000a38      0x140 Drivers/STM32F4xx_HAL_Driver/Src/stm32f4xx_hal_tim_ex.o
 .debug_ranges  0x0000000000000b78      0x1c0 Drivers/STM32F4xx_HAL_Driver/Src/stm32f4xx_hal_uart.o

.debug_macro    0x0000000000000000    0x20e27
 .debug_macro   0x0000000000000000      0x200 Core/Src/DHT11.o
 .debug_macro   0x0000000000000200      0xa5a Core/Src/DHT11.o
 .debug_macro   0x0000000000000c5a      0x2a0 Core/Src/DHT11.o
 .debug_macro   0x0000000000000efa       0x2e Core/Src/DHT11.o
 .debug_macro   0x0000000000000f28       0x2f Core/Src/DHT11.o
 .debug_macro   0x0000000000000f57       0x22 Core/Src/DHT11.o
 .debug_macro   0x0000000000000f79       0x8e Core/Src/DHT11.o
 .debug_macro   0x0000000000001007       0x51 Core/Src/DHT11.o
 .debug_macro   0x0000000000001058       0xef Core/Src/DHT11.o
 .debug_macro   0x0000000000001147       0x6a Core/Src/DHT11.o
 .debug_macro   0x00000000000011b1      0x1df Core/Src/DHT11.o
 .debug_macro   0x0000000000001390       0x1c Core/Src/DHT11.o
 .debug_macro   0x00000000000013ac       0x22 Core/Src/DHT11.o
 .debug_macro   0x00000000000013ce       0xdf Core/Src/DHT11.o
 .debug_macro   0x00000000000014ad     0x102d Core/Src/DHT11.o
 .debug_macro   0x00000000000024da      0x11f Core/Src/DHT11.o
 .debug_macro   0x00000000000025f9    0x15e3c Core/Src/DHT11.o
 .debug_macro   0x0000000000018435       0x43 Core/Src/DHT11.o
 .debug_macro   0x0000000000018478     0x3659 Core/Src/DHT11.o
 .debug_macro   0x000000000001bad1      0x174 Core/Src/DHT11.o
 .debug_macro   0x000000000001bc45       0x5a Core/Src/DHT11.o
 .debug_macro   0x000000000001bc9f      0x96b Core/Src/DHT11.o
 .debug_macro   0x000000000001c60a      0x9fe Core/Src/DHT11.o
 .debug_macro   0x000000000001d008      0x117 Core/Src/DHT11.o
 .debug_macro   0x000000000001d11f      0x13e Core/Src/DHT11.o
 .debug_macro   0x000000000001d25d       0x27 Core/Src/DHT11.o
 .debug_macro   0x000000000001d284      0x174 Core/Src/DHT11.o
 .debug_macro   0x000000000001d3f8      0x287 Core/Src/DHT11.o
 .debug_macro   0x000000000001d67f       0x5f Core/Src/DHT11.o
 .debug_macro   0x000000000001d6de      0x236 Core/Src/DHT11.o
 .debug_macro   0x000000000001d914      0x391 Core/Src/DHT11.o
 .debug_macro   0x000000000001dca5      0x176 Core/Src/DHT11.o
 .debug_macro   0x000000000001de1b       0xf9 Core/Src/DHT11.o
 .debug_macro   0x000000000001df14      0x12c Core/Src/DHT11.o
 .debug_macro   0x000000000001e040      0x21e Core/Src/DHT11.o
 .debug_macro   0x000000000001e25e       0x2e Core/Src/DHT11.o
 .debug_macro   0x000000000001e28c      0x11a Core/Src/DHT11.o
 .debug_macro   0x000000000001e3a6       0x7e Core/Src/DHT11.o
 .debug_macro   0x000000000001e424       0x89 Core/Src/DHT11.o
 .debug_macro   0x000000000001e4ad      0x225 Core/Src/DHT11.o
 .debug_macro   0x000000000001e6d2      0x8a0 Core/Src/DHT11.o
 .debug_macro   0x000000000001ef72       0x47 Core/Src/DHT11.o
 .debug_macro   0x000000000001efb9      0x287 Core/Src/DHT11.o
 .debug_macro   0x000000000001f240      0x12d Core/Src/DHT11.o
 .debug_macro   0x000000000001f36d       0x6a Core/Src/DHT11.o
 .debug_macro   0x000000000001f3d7      0x20a Core/Src/main.o
 .debug_macro   0x000000000001f5e1      0x200 Core/Src/stm32f4xx_hal_msp.o
 .debug_macro   0x000000000001f7e1      0x20a Core/Src/stm32f4xx_it.o
 .debug_macro   0x000000000001f9eb      0x1f7 Core/Src/system_stm32f4xx.o
 .debug_macro   0x000000000001fbe2      0x251 Drivers/STM32F4xx_HAL_Driver/Src/stm32f4xx_hal.o
 .debug_macro   0x000000000001fe33      0x1f2 Drivers/STM32F4xx_HAL_Driver/Src/stm32f4xx_hal_adc.o
 .debug_macro   0x0000000000020025      0x1f1 Drivers/STM32F4xx_HAL_Driver/Src/stm32f4xx_hal_cortex.o
 .debug_macro   0x0000000000020216      0x227 Drivers/STM32F4xx_HAL_Driver/Src/stm32f4xx_hal_gpio.o
 .debug_macro   0x000000000002043d      0x215 Drivers/STM32F4xx_HAL_Driver/Src/stm32f4xx_hal_rcc.o
 .debug_macro   0x0000000000020652      0x200 Drivers/STM32F4xx_HAL_Driver/Src/stm32f4xx_hal_spi.o
 .debug_macro   0x0000000000020852      0x1f2 Drivers/STM32F4xx_HAL_Driver/Src/stm32f4xx_hal_tim.o
 .debug_macro   0x0000000000020a44      0x1f1 Drivers/STM32F4xx_HAL_Driver/Src/stm32f4xx_hal_tim_ex.o
 .debug_macro   0x0000000000020c35      0x1f2 Drivers/STM32F4xx_HAL_Driver/Src/stm32f4xx_hal_uart.o

.debug_line     0x0000000000000000     0x9ea3
 .debug_line    0x0000000000000000      0x772 Core/Src/DHT11.o
 .debug_line    0x0000000000000772      0x807 Core/Src/main.o
 .debug_line    0x0000000000000f79      0x7af Core/Src/stm32f4xx_hal_msp.o
 .debug_line    0x0000000000001728      0x7b3 Core/Src/stm32f4xx_it.o
 .debug_line    0x0000000000001edb      0x718 Core/Src/system_stm32f4xx.o
 .debug_line    0x00000000000025f3       0x85 Core/Startup/startup_stm32f407vgtx.o
 .debug_line    0x0000000000002678      0x902 Drivers/STM32F4xx_HAL_Driver/Src/stm32f4xx_hal.o
 .debug_line    0x0000000000002f7a      0xb67 Drivers/STM32F4xx_HAL_Driver/Src/stm32f4xx_hal_adc.o
 .debug_line    0x0000000000003ae1      0xa26 Drivers/STM32F4xx_HAL_Driver/Src/stm32f4xx_hal_cortex.o
 .debug_line    0x0000000000004507      0x8e1 Drivers/STM32F4xx_HAL_Driver/Src/stm32f4xx_hal_gpio.o
 .debug_line    0x0000000000004de8      0x95a Drivers/STM32F4xx_HAL_Driver/Src/stm32f4xx_hal_rcc.o
 .debug_line    0x0000000000005742     0x10be Drivers/STM32F4xx_HAL_Driver/Src/stm32f4xx_hal_spi.o
 .debug_line    0x0000000000006800     0x197b Drivers/STM32F4xx_HAL_Driver/Src/stm32f4xx_hal_tim.o
 .debug_line    0x000000000000817b      0xd18 Drivers/STM32F4xx_HAL_Driver/Src/stm32f4xx_hal_tim_ex.o
 .debug_line    0x0000000000008e93     0x1010 Drivers/STM32F4xx_HAL_Driver/Src/stm32f4xx_hal_uart.o

.debug_str      0x0000000000000000    0xcbe2e
 .debug_str     0x0000000000000000    0xc7e50 Core/Src/DHT11.o
                                      0xc80d7 (size before relaxing)
 .debug_str     0x00000000000c7e50     0x10de Core/Src/main.o
                                      0xc9258 (size before relaxing)
 .debug_str     0x00000000000c8f2e       0xda Core/Src/stm32f4xx_hal_msp.o
                                      0xc8b13 (size before relaxing)
 .debug_str     0x00000000000c9008       0xce Core/Src/stm32f4xx_it.o
                                      0xc80bd (size before relaxing)
 .debug_str     0x00000000000c90d6       0xc4 Core/Src/system_stm32f4xx.o
                                      0xc7ff0 (size before relaxing)
 .debug_str     0x00000000000c919a       0x36 Core/Startup/startup_stm32f407vgtx.o
                                         0x63 (size before relaxing)
 .debug_str     0x00000000000c91d0      0x58d Drivers/STM32F4xx_HAL_Driver/Src/stm32f4xx_hal.o
                                      0xc8abd (size before relaxing)
 .debug_str     0x00000000000c975d      0x29d Drivers/STM32F4xx_HAL_Driver/Src/stm32f4xx_hal_adc.o
                                      0xc8587 (size before relaxing)
 .debug_str     0x00000000000c99fa      0x392 Drivers/STM32F4xx_HAL_Driver/Src/stm32f4xx_hal_cortex.o
                                      0xc88ac (size before relaxing)
 .debug_str     0x00000000000c9d8c      0x1fd Drivers/STM32F4xx_HAL_Driver/Src/stm32f4xx_hal_gpio.o
                                      0xc822f (size before relaxing)
 .debug_str     0x00000000000c9f89      0x259 Drivers/STM32F4xx_HAL_Driver/Src/stm32f4xx_hal_rcc.o
                                      0xc83dd (size before relaxing)
 .debug_str     0x00000000000ca1e2      0x55a Drivers/STM32F4xx_HAL_Driver/Src/stm32f4xx_hal_spi.o
                                      0xc885e (size before relaxing)
 .debug_str     0x00000000000ca73c      0xd49 Drivers/STM32F4xx_HAL_Driver/Src/stm32f4xx_hal_tim.o
                                      0xc90fc (size before relaxing)
 .debug_str     0x00000000000cb485      0x4a2 Drivers/STM32F4xx_HAL_Driver/Src/stm32f4xx_hal_tim_ex.o
                                      0xc88fc (size before relaxing)
 .debug_str     0x00000000000cb927      0x507 Drivers/STM32F4xx_HAL_Driver/Src/stm32f4xx_hal_uart.o
                                      0xc883c (size before relaxing)

.comment        0x0000000000000000       0x7b
 .comment       0x0000000000000000       0x7b Core/Src/DHT11.o
                                         0x7c (size before relaxing)
 .comment       0x000000000000007b       0x7c Core/Src/main.o
 .comment       0x000000000000007b       0x7c Core/Src/stm32f4xx_hal_msp.o
 .comment       0x000000000000007b       0x7c Core/Src/stm32f4xx_it.o
 .comment       0x000000000000007b       0x7c Core/Src/system_stm32f4xx.o
 .comment       0x000000000000007b       0x7c Drivers/STM32F4xx_HAL_Driver/Src/stm32f4xx_hal.o
 .comment       0x000000000000007b       0x7c Drivers/STM32F4xx_HAL_Driver/Src/stm32f4xx_hal_adc.o
 .comment       0x000000000000007b       0x7c Drivers/STM32F4xx_HAL_Driver/Src/stm32f4xx_hal_cortex.o
 .comment       0x000000000000007b       0x7c Drivers/STM32F4xx_HAL_Driver/Src/stm32f4xx_hal_gpio.o
 .comment       0x000000000000007b       0x7c Drivers/STM32F4xx_HAL_Driver/Src/stm32f4xx_hal_rcc.o
 .comment       0x000000000000007b       0x7c Drivers/STM32F4xx_HAL_Driver/Src/stm32f4xx_hal_spi.o
 .comment       0x000000000000007b       0x7c Drivers/STM32F4xx_HAL_Driver/Src/stm32f4xx_hal_tim.o
 .comment       0x000000000000007b       0x7c Drivers/STM32F4xx_HAL_Driver/Src/stm32f4xx_hal_tim_ex.o
 .comment       0x000000000000007b       0x7c Drivers/STM32F4xx_HAL_Driver/Src/stm32f4xx_hal_uart.o

.debug_frame    0x0000000000000000     0x3bdc
 .debug_frame   0x0000000000000000       0xbc Core/Src/DHT11.o
 .debug_frame   0x00000000000000bc      0x13c Core/Src/main.o
 .debug_frame   0x00000000000001f8      0x15c Core/Src/stm32f4xx_hal_msp.o
 .debug_frame   0x0000000000000354      0x128 Core/Src/stm32f4xx_it.o
 .debug_frame   0x000000000000047c       0x58 Core/Src/system_stm32f4xx.o
 .debug_frame   0x00000000000004d4      0x374 Drivers/STM32F4xx_HAL_Driver/Src/stm32f4xx_hal.o
 .debug_frame   0x0000000000000848      0x3fc Drivers/STM32F4xx_HAL_Driver/Src/stm32f4xx_hal_adc.o
 .debug_frame   0x0000000000000c44      0x498 Drivers/STM32F4xx_HAL_Driver/Src/stm32f4xx_hal_cortex.o
 .debug_frame   0x00000000000010dc      0x14c Drivers/STM32F4xx_HAL_Driver/Src/stm32f4xx_hal_gpio.o
 .debug_frame   0x0000000000001228      0x1f0 Drivers/STM32F4xx_HAL_Driver/Src/stm32f4xx_hal_rcc.o
 .debug_frame   0x0000000000001418      0x824 Drivers/STM32F4xx_HAL_Driver/Src/stm32f4xx_hal_spi.o
 .debug_frame   0x0000000000001c3c     0x10f0 Drivers/STM32F4xx_HAL_Driver/Src/stm32f4xx_hal_tim.o
 .debug_frame   0x0000000000002d2c      0x5c0 Drivers/STM32F4xx_HAL_Driver/Src/stm32f4xx_hal_tim_ex.o
 .debug_frame   0x00000000000032ec      0x844 Drivers/STM32F4xx_HAL_Driver/Src/stm32f4xx_hal_uart.o
 .debug_frame   0x0000000000003b30       0x2c d:/stm32cubeide_1.4.0/stm32cubeide/plugins/com.st.stm32cube.ide.mcu.externaltools.gnu-tools-for-stm32.7-2018-q2-update.win32_1.4.0.202007081208/tools/bin/../lib/gcc/arm-none-eabi/7.3.1/../../../../arm-none-eabi/lib/thumb/v7e-m/fpv4-sp/hard\libc_nano.a(lib_a-init.o)
 .debug_frame   0x0000000000003b5c       0x20 d:/stm32cubeide_1.4.0/stm32cubeide/plugins/com.st.stm32cube.ide.mcu.externaltools.gnu-tools-for-stm32.7-2018-q2-update.win32_1.4.0.202007081208/tools/bin/../lib/gcc/arm-none-eabi/7.3.1/../../../../arm-none-eabi/lib/thumb/v7e-m/fpv4-sp/hard\libc_nano.a(lib_a-memset.o)
 .debug_frame   0x0000000000003b7c       0x2c d:/stm32cubeide_1.4.0/stm32cubeide/plugins/com.st.stm32cube.ide.mcu.externaltools.gnu-tools-for-stm32.7-2018-q2-update.win32_1.4.0.202007081208/tools/bin/../lib/gcc/arm-none-eabi/7.3.1/thumb/v7e-m/fpv4-sp/hard\libgcc.a(_aeabi_uldivmod.o)
 .debug_frame   0x0000000000003ba8       0x34 d:/stm32cubeide_1.4.0/stm32cubeide/plugins/com.st.stm32cube.ide.mcu.externaltools.gnu-tools-for-stm32.7-2018-q2-update.win32_1.4.0.202007081208/tools/bin/../lib/gcc/arm-none-eabi/7.3.1/thumb/v7e-m/fpv4-sp/hard\libgcc.a(_udivmoddi4.o)
