Archive member included to satisfy reference by file (symbol)

d:/stm32cubeide_1.4.0/stm32cubeide/plugins/com.st.stm32cube.ide.mcu.externaltools.gnu-tools-for-stm32.7-2018-q2-update.win32_1.4.0.202007081208/tools/bin/../lib/gcc/arm-none-eabi/7.3.1/../../../../arm-none-eabi/lib/thumb/v7e-m/fpv4-sp/hard\libc_nano.a(lib_a-errno.o)
                              Core/Src/syscalls.o (__errno)
d:/stm32cubeide_1.4.0/stm32cubeide/plugins/com.st.stm32cube.ide.mcu.externaltools.gnu-tools-for-stm32.7-2018-q2-update.win32_1.4.0.202007081208/tools/bin/../lib/gcc/arm-none-eabi/7.3.1/../../../../arm-none-eabi/lib/thumb/v7e-m/fpv4-sp/hard\libc_nano.a(lib_a-exit.o)
                              d:/stm32cubeide_1.4.0/stm32cubeide/plugins/com.st.stm32cube.ide.mcu.externaltools.gnu-tools-for-stm32.7-2018-q2-update.win32_1.4.0.202007081208/tools/bin/../lib/gcc/arm-none-eabi/7.3.1/../../../../arm-none-eabi/lib/thumb/v7e-m/fpv4-sp/hard/crt0.o (exit)
d:/stm32cubeide_1.4.0/stm32cubeide/plugins/com.st.stm32cube.ide.mcu.externaltools.gnu-tools-for-stm32.7-2018-q2-update.win32_1.4.0.202007081208/tools/bin/../lib/gcc/arm-none-eabi/7.3.1/../../../../arm-none-eabi/lib/thumb/v7e-m/fpv4-sp/hard\libc_nano.a(lib_a-impure.o)
                              d:/stm32cubeide_1.4.0/stm32cubeide/plugins/com.st.stm32cube.ide.mcu.externaltools.gnu-tools-for-stm32.7-2018-q2-update.win32_1.4.0.202007081208/tools/bin/../lib/gcc/arm-none-eabi/7.3.1/../../../../arm-none-eabi/lib/thumb/v7e-m/fpv4-sp/hard\libc_nano.a(lib_a-exit.o) (_global_impure_ptr)
d:/stm32cubeide_1.4.0/stm32cubeide/plugins/com.st.stm32cube.ide.mcu.externaltools.gnu-tools-for-stm32.7-2018-q2-update.win32_1.4.0.202007081208/tools/bin/../lib/gcc/arm-none-eabi/7.3.1/../../../../arm-none-eabi/lib/thumb/v7e-m/fpv4-sp/hard\libc_nano.a(lib_a-init.o)
                              d:/stm32cubeide_1.4.0/stm32cubeide/plugins/com.st.stm32cube.ide.mcu.externaltools.gnu-tools-for-stm32.7-2018-q2-update.win32_1.4.0.202007081208/tools/bin/../lib/gcc/arm-none-eabi/7.3.1/../../../../arm-none-eabi/lib/thumb/v7e-m/fpv4-sp/hard/crt0.o (__libc_init_array)
d:/stm32cubeide_1.4.0/stm32cubeide/plugins/com.st.stm32cube.ide.mcu.externaltools.gnu-tools-for-stm32.7-2018-q2-update.win32_1.4.0.202007081208/tools/bin/../lib/gcc/arm-none-eabi/7.3.1/../../../../arm-none-eabi/lib/thumb/v7e-m/fpv4-sp/hard\libc_nano.a(lib_a-memset.o)
                              d:/stm32cubeide_1.4.0/stm32cubeide/plugins/com.st.stm32cube.ide.mcu.externaltools.gnu-tools-for-stm32.7-2018-q2-update.win32_1.4.0.202007081208/tools/bin/../lib/gcc/arm-none-eabi/7.3.1/../../../../arm-none-eabi/lib/thumb/v7e-m/fpv4-sp/hard/crt0.o (memset)
d:/stm32cubeide_1.4.0/stm32cubeide/plugins/com.st.stm32cube.ide.mcu.externaltools.gnu-tools-for-stm32.7-2018-q2-update.win32_1.4.0.202007081208/tools/bin/../lib/gcc/arm-none-eabi/7.3.1/thumb/v7e-m/fpv4-sp/hard\libgcc.a(_aeabi_uldivmod.o)
                              Drivers/STM32F4xx_HAL_Driver/Src/stm32f4xx_hal_rcc.o (__aeabi_uldivmod)
d:/stm32cubeide_1.4.0/stm32cubeide/plugins/com.st.stm32cube.ide.mcu.externaltools.gnu-tools-for-stm32.7-2018-q2-update.win32_1.4.0.202007081208/tools/bin/../lib/gcc/arm-none-eabi/7.3.1/thumb/v7e-m/fpv4-sp/hard\libgcc.a(_udivmoddi4.o)
                              d:/stm32cubeide_1.4.0/stm32cubeide/plugins/com.st.stm32cube.ide.mcu.externaltools.gnu-tools-for-stm32.7-2018-q2-update.win32_1.4.0.202007081208/tools/bin/../lib/gcc/arm-none-eabi/7.3.1/thumb/v7e-m/fpv4-sp/hard\libgcc.a(_aeabi_uldivmod.o) (__udivmoddi4)
d:/stm32cubeide_1.4.0/stm32cubeide/plugins/com.st.stm32cube.ide.mcu.externaltools.gnu-tools-for-stm32.7-2018-q2-update.win32_1.4.0.202007081208/tools/bin/../lib/gcc/arm-none-eabi/7.3.1/thumb/v7e-m/fpv4-sp/hard\libgcc.a(_dvmd_tls.o)
                              d:/stm32cubeide_1.4.0/stm32cubeide/plugins/com.st.stm32cube.ide.mcu.externaltools.gnu-tools-for-stm32.7-2018-q2-update.win32_1.4.0.202007081208/tools/bin/../lib/gcc/arm-none-eabi/7.3.1/thumb/v7e-m/fpv4-sp/hard\libgcc.a(_aeabi_uldivmod.o) (__aeabi_ldiv0)

Allocating common symbols
Common symbol       size              file

uwTick              0x4               Drivers/STM32F4xx_HAL_Driver/Src/stm32f4xx_hal.o
pFlash              0x20              Drivers/STM32F4xx_HAL_Driver/Src/stm32f4xx_hal_flash.o
hadc1               0x48              Core/Src/main.o
potvar              0x4               Core/Src/main.o
htim6               0x40              Core/Src/main.o
huart4              0x40              Core/Src/main.o
hspi1               0x58              Core/Src/main.o
dhtsensorvar        0x14              Core/Src/main.o
FLAG                0x1               Core/Src/main.o

Discarded input sections

 .text          0x0000000000000000        0x0 d:/stm32cubeide_1.4.0/stm32cubeide/plugins/com.st.stm32cube.ide.mcu.externaltools.gnu-tools-for-stm32.7-2018-q2-update.win32_1.4.0.202007081208/tools/bin/../lib/gcc/arm-none-eabi/7.3.1/thumb/v7e-m/fpv4-sp/hard/crti.o
[...]
Memory Configuration

Name             Origin             Length             Attributes
CCMRAM           0x0000000010000000 0x0000000000010000 xrw
RAM              0x0000000020000000 0x0000000000020000 xrw
FLASH            0x0000000008000000 0x0000000000100000 xr
*default*        0x0000000000000000 0xffffffffffffffff

Linker script and memory map

LOAD d:/stm32cubeide_1.4.0/stm32cubeide/plugins/com.st.stm32cube.ide.mcu.externaltools.gnu-tools-for-stm32.7-2018-q2-update.win32_1.4.0.202007081208/tools/bin/../lib/gcc/arm-none-eabi/7.3.1/thumb/v7e-m/fpv4-sp/hard/crti.o
LOAD d:/stm32cubeide_1.4.0/stm32cubeide/plugins/com.st.stm32cube.ide.mcu.externaltools.gnu-tools-for-stm32.7-2018-q2-update.win32_1.4.0.202007081208/tools/bin/../lib/gcc/arm-none-eabi/7.3.1/thumb/v7e-m/fpv4-sp/hard/crtbegin.o
LOAD d:/stm32cubeide_1.4.0/stm32cubeide/plugins/com.st.stm32cube.ide.mcu.externaltools.gnu-tools-for-stm32.7-2018-q2-update.win32_1.4.0.202007081208/tools/bin/../lib/gcc/arm-none-eabi/7.3.1/../../../../arm-none-eabi/lib/thumb/v7e-m/fpv4-sp/hard/crt0.o
LOAD Core/Src/DHT11.o
LOAD Core/Src/main.o
LOAD Core/Src/stm32f4xx_hal_msp.o
LOAD Core/Src/stm32f4xx_it.o
LOAD Core/Src/syscalls.o
LOAD Core/Src/sysmem.o
LOAD Core/Src/system_stm32f4xx.o
LOAD Core/Startup/startup_stm32f407vgtx.o
LOAD Drivers/STM32F4xx_HAL_Driver/Src/stm32f4xx_hal.o
LOAD Drivers/STM32F4xx_HAL_Driver/Src/stm32f4xx_hal_adc.o
LOAD Drivers/STM32F4xx_HAL_Driver/Src/stm32f4xx_hal_adc_ex.o
LOAD Drivers/STM32F4xx_HAL_Driver/Src/stm32f4xx_hal_cortex.o
LOAD Drivers/STM32F4xx_HAL_Driver/Src/stm32f4xx_hal_dma.o
LOAD Drivers/STM32F4xx_HAL_Driver/Src/stm32f4xx_hal_dma_ex.o
LOAD Drivers/STM32F4xx_HAL_Driver/Src/stm32f4xx_hal_exti.o
LOAD Drivers/STM32F4xx_HAL_Driver/Src/stm32f4xx_hal_flash.o
LOAD Drivers/STM32F4xx_HAL_Driver/Src/stm32f4xx_hal_flash_ex.o
LOAD Drivers/STM32F4xx_HAL_Driver/Src/stm32f4xx_hal_flash_ramfunc.o
LOAD Drivers/STM32F4xx_HAL_Driver/Src/stm32f4xx_hal_gpio.o
LOAD Drivers/STM32F4xx_HAL_Driver/Src/stm32f4xx_hal_pwr.o
LOAD Drivers/STM32F4xx_HAL_Driver/Src/stm32f4xx_hal_pwr_ex.o
LOAD Drivers/STM32F4xx_HAL_Driver/Src/stm32f4xx_hal_rcc.o
LOAD Drivers/STM32F4xx_HAL_Driver/Src/stm32f4xx_hal_rcc_ex.o
LOAD Drivers/STM32F4xx_HAL_Driver/Src/stm32f4xx_hal_spi.o
LOAD Drivers/STM32F4xx_HAL_Driver/Src/stm32f4xx_hal_tim.o
LOAD Drivers/STM32F4xx_HAL_Driver/Src/stm32f4xx_hal_tim_ex.o
LOAD Drivers/STM32F4xx_HAL_Driver/Src/stm32f4xx_hal_uart.o
START GROUP
LOAD d:/stm32cubeide_1.4.0/stm32cubeide/plugins/com.st.stm32cube.ide.mcu.externaltools.gnu-tools-for-stm32.7-2018-q2-update.win32_1.4.0.202007081208/tools/bin/../lib/gcc/arm-none-eabi/7.3.1/../../../../arm-none-eabi/lib/thumb/v7e-m/fpv4-sp/hard\libc_nano.a
LOAD d:/stm32cubeide_1.4.0/stm32cubeide/plugins/com.st.stm32cube.ide.mcu.externaltools.gnu-tools-for-stm32.7-2018-q2-update.win32_1.4.0.202007081208/tools/bin/../lib/gcc/arm-none-eabi/7.3.1/../../../../arm-none-eabi/lib/thumb/v7e-m/fpv4-sp/hard\libm.a
END GROUP
START GROUP
LOAD d:/stm32cubeide_1.4.0/stm32cubeide/plugins/com.st.stm32cube.ide.mcu.externaltools.gnu-tools-for-stm32.7-2018-q2-update.win32_1.4.0.202007081208/tools/bin/../lib/gcc/arm-none-eabi/7.3.1/thumb/v7e-m/fpv4-sp/hard\libgcc.a
LOAD d:/stm32cubeide_1.4.0/stm32cubeide/plugins/com.st.stm32cube.ide.mcu.externaltools.gnu-tools-for-stm32.7-2018-q2-update.win32_1.4.0.202007081208/tools/bin/../lib/gcc/arm-none-eabi/7.3.1/../../../../arm-none-eabi/lib/thumb/v7e-m/fpv4-sp/hard\libc_nano.a
END GROUP
START GROUP
LOAD d:/stm32cubeide_1.4.0/stm32cubeide/plugins/com.st.stm32cube.ide.mcu.externaltools.gnu-tools-for-stm32.7-2018-q2-update.win32_1.4.0.202007081208/tools/bin/../lib/gcc/arm-none-eabi/7.3.1/thumb/v7e-m/fpv4-sp/hard\libgcc.a
LOAD d:/stm32cubeide_1.4.0/stm32cubeide/plugins/com.st.stm32cube.ide.mcu.externaltools.gnu-tools-for-stm32.7-2018-q2-update.win32_1.4.0.202007081208/tools/bin/../lib/gcc/arm-none-eabi/7.3.1/../../../../arm-none-eabi/lib/thumb/v7e-m/fpv4-sp/hard\libc_nano.a
LOAD d:/stm32cubeide_1.4.0/stm32cubeide/plugins/com.st.stm32cube.ide.mcu.externaltools.gnu-tools-for-stm32.7-2018-q2-update.win32_1.4.0.202007081208/tools/bin/../lib/gcc/arm-none-eabi/7.3.1/../../../../arm-none-eabi/lib/thumb/v7e-m/fpv4-sp/hard\libnosys.a
END GROUP
START GROUP
LOAD d:/stm32cubeide_1.4.0/stm32cubeide/plugins/com.st.stm32cube.ide.mcu.externaltools.gnu-tools-for-stm32.7-2018-q2-update.win32_1.4.0.202007081208/tools/bin/../lib/gcc/arm-none-eabi/7.3.1/thumb/v7e-m/fpv4-sp/hard\libgcc.a
LOAD d:/stm32cubeide_1.4.0/stm32cubeide/plugins/com.st.stm32cube.ide.mcu.externaltools.gnu-tools-for-stm32.7-2018-q2-update.win32_1.4.0.202007081208/tools/bin/../lib/gcc/arm-none-eabi/7.3.1/../../../../arm-none-eabi/lib/thumb/v7e-m/fpv4-sp/hard\libc_nano.a
LOAD d:/stm32cubeide_1.4.0/stm32cubeide/plugins/com.st.stm32cube.ide.mcu.externaltools.gnu-tools-for-stm32.7-2018-q2-update.win32_1.4.0.202007081208/tools/bin/../lib/gcc/arm-none-eabi/7.3.1/../../../../arm-none-eabi/lib/thumb/v7e-m/fpv4-sp/hard\libnosys.a
END GROUP
LOAD d:/stm32cubeide_1.4.0/stm32cubeide/plugins/com.st.stm32cube.ide.mcu.externaltools.gnu-tools-for-stm32.7-2018-q2-update.win32_1.4.0.202007081208/tools/bin/../lib/gcc/arm-none-eabi/7.3.1/thumb/v7e-m/fpv4-sp/hard/crtend.o
LOAD d:/stm32cubeide_1.4.0/stm32cubeide/plugins/com.st.stm32cube.ide.mcu.externaltools.gnu-tools-for-stm32.7-2018-q2-update.win32_1.4.0.202007081208/tools/bin/../lib/gcc/arm-none-eabi/7.3.1/thumb/v7e-m/fpv4-sp/hard/crtn.o
                0x0000000020020000                _estack = (ORIGIN (RAM) + LENGTH (RAM))
                0x0000000000000200                _Min_Heap_Size = 0x200
                0x0000000000000400                _Min_Stack_Size = 0x400

.isr_vector     0x0000000008000000      0x188
                0x0000000008000000                . = ALIGN (0x4)
 *(.isr_vector)
 .isr_vector    0x0000000008000000      0x188 Core/Startup/startup_stm32f407vgtx.o
                0x0000000008000000                g_pfnVectors
                0x0000000008000188                . = ALIGN (0x4)

.text           0x0000000008000188     0x34d8
                0x0000000008000188                . = ALIGN (0x4)
 *(.text)
 .text          0x0000000008000188       0x40 d:/stm32cubeide_1.4.0/stm32cubeide/plugins/com.st.stm32cube.ide.mcu.externaltools.gnu-tools-for-stm32.7-2018-q2-update.win32_1.4.0.202007081208/tools/bin/../lib/gcc/arm-none-eabi/7.3.1/thumb/v7e-m/fpv4-sp/hard/crtbegin.o
 .text          0x00000000080001c8       0x30 d:/stm32cubeide_1.4.0/stm32cubeide/plugins/com.st.stm32cube.ide.mcu.externaltools.gnu-tools-for-stm32.7-2018-q2-update.win32_1.4.0.202007081208/tools/bin/../lib/gcc/arm-none-eabi/7.3.1/thumb/v7e-m/fpv4-sp/hard\libgcc.a(_aeabi_uldivmod.o)
                0x00000000080001c8                __aeabi_uldivmod
 .text          0x00000000080001f8      0x2cc d:/stm32cubeide_1.4.0/stm32cubeide/plugins/com.st.stm32cube.ide.mcu.externaltools.gnu-tools-for-stm32.7-2018-q2-update.win32_1.4.0.202007081208/tools/bin/../lib/gcc/arm-none-eabi/7.3.1/thumb/v7e-m/fpv4-sp/hard\libgcc.a(_udivmoddi4.o)
                0x00000000080001f8                __udivmoddi4
 .text          0x00000000080004c4        0x4 d:/stm32cubeide_1.4.0/stm32cubeide/plugins/com.st.stm32cube.ide.mcu.externaltools.gnu-tools-for-stm32.7-2018-q2-update.win32_1.4.0.202007081208/tools/bin/../lib/gcc/arm-none-eabi/7.3.1/thumb/v7e-m/fpv4-sp/hard\libgcc.a(_dvmd_tls.o)
                0x00000000080004c4                __aeabi_idiv0
                0x00000000080004c4                __aeabi_ldiv0
 *(.text*)
 .text.Set_Pin_Output
                0x00000000080004c8       0x40 Core/Src/DHT11.o
                0x00000000080004c8                Set_Pin_Output
 .text.Set_Pin_Input
                0x0000000008000508       0x40 Core/Src/DHT11.o
                0x0000000008000508                Set_Pin_Input
 .text.DHT11_Start
                0x0000000008000548       0x48 Core/Src/DHT11.o
                0x0000000008000548                DHT11_Start
 .text.DHT11_Check_Response
                0x0000000008000590       0x60 Core/Src/DHT11.o
                0x0000000008000590                DHT11_Check_Response
 .text.DHT11_Read
                0x00000000080005f0       0x98 Core/Src/DHT11.o
                0x00000000080005f0                DHT11_Read
 .text.HAL_GPIO_EXTI_Callback
                0x0000000008000688       0x20 Core/Src/main.o
                0x0000000008000688                HAL_GPIO_EXTI_Callback
 .text.main     0x00000000080006a8      0x1b0 Core/Src/main.o
                0x00000000080006a8                main
 .text.delay    0x0000000008000858       0x30 Core/Src/main.o
                0x0000000008000858                delay
 .text.SystemClock_Config
                0x0000000008000888       0xd0 Core/Src/main.o
                0x0000000008000888                SystemClock_Config
 .text.MX_ADC1_Init
                0x0000000008000958       0xa4 Core/Src/main.o
 .text.MX_SPI1_Init
                0x00000000080009fc       0x70 Core/Src/main.o
 .text.MX_TIM6_Init
                0x0000000008000a6c       0x6c Core/Src/main.o
 .text.MX_UART4_Init
                0x0000000008000ad8       0x54 Core/Src/main.o
 .text.MX_GPIO_Init
                0x0000000008000b2c      0x11c Core/Src/main.o
 .text.Error_Handler
                0x0000000008000c48        0xe Core/Src/main.o
                0x0000000008000c48                Error_Handler
 *fill*         0x0000000008000c56        0x2 
 .text.HAL_MspInit
                0x0000000008000c58       0x50 Core/Src/stm32f4xx_hal_msp.o
                0x0000000008000c58                HAL_MspInit
 .text.HAL_ADC_MspInit
                0x0000000008000ca8       0x88 Core/Src/stm32f4xx_hal_msp.o
                0x0000000008000ca8                HAL_ADC_MspInit
 .text.HAL_SPI_MspInit
                0x0000000008000d30       0x90 Core/Src/stm32f4xx_hal_msp.o
                0x0000000008000d30                HAL_SPI_MspInit
 .text.HAL_TIM_Base_MspInit
                0x0000000008000dc0       0x44 Core/Src/stm32f4xx_hal_msp.o
                0x0000000008000dc0                HAL_TIM_Base_MspInit
 .text.HAL_UART_MspInit
                0x0000000008000e04       0x90 Core/Src/stm32f4xx_hal_msp.o
                0x0000000008000e04                HAL_UART_MspInit
 .text.NMI_Handler
                0x0000000008000e94        0xe Core/Src/stm32f4xx_it.o
                0x0000000008000e94                NMI_Handler
 .text.HardFault_Handler
                0x0000000008000ea2        0x6 Core/Src/stm32f4xx_it.o
                0x0000000008000ea2                HardFault_Handler
 .text.MemManage_Handler
                0x0000000008000ea8        0x6 Core/Src/stm32f4xx_it.o
                0x0000000008000ea8                MemManage_Handler
 .text.BusFault_Handler
                0x0000000008000eae        0x6 Core/Src/stm32f4xx_it.o
                0x0000000008000eae                BusFault_Handler
 .text.UsageFault_Handler
                0x0000000008000eb4        0x6 Core/Src/stm32f4xx_it.o
                0x0000000008000eb4                UsageFault_Handler
 .text.SVC_Handler
                0x0000000008000eba        0xe Core/Src/stm32f4xx_it.o
                0x0000000008000eba                SVC_Handler
 .text.DebugMon_Handler
                0x0000000008000ec8        0xe Core/Src/stm32f4xx_it.o
                0x0000000008000ec8                DebugMon_Handler
 .text.PendSV_Handler
                0x0000000008000ed6        0xe Core/Src/stm32f4xx_it.o
                0x0000000008000ed6                PendSV_Handler
 .text.SysTick_Handler
                0x0000000008000ee4        0xc Core/Src/stm32f4xx_it.o
                0x0000000008000ee4                SysTick_Handler
 .text.EXTI0_IRQHandler
                0x0000000008000ef0        0xe Core/Src/stm32f4xx_it.o
                0x0000000008000ef0                EXTI0_IRQHandler
 *fill*         0x0000000008000efe        0x2 
 .text.SystemInit
                0x0000000008000f00       0x2c Core/Src/system_stm32f4xx.o
                0x0000000008000f00                SystemInit
 .text.Reset_Handler
                0x0000000008000f2c       0x50 Core/Startup/startup_stm32f407vgtx.o
                0x0000000008000f2c                Reset_Handler
 .text.Default_Handler
                0x0000000008000f7c        0x2 Core/Startup/startup_stm32f407vgtx.o
                0x0000000008000f7c                RTC_Alarm_IRQHandler
                0x0000000008000f7c                HASH_RNG_IRQHandler
                0x0000000008000f7c                EXTI2_IRQHandler
                0x0000000008000f7c                TIM8_CC_IRQHandler
                0x0000000008000f7c                TIM1_CC_IRQHandler
                0x0000000008000f7c                DMA2_Stream5_IRQHandler
                0x0000000008000f7c                DMA1_Stream5_IRQHandler
                0x0000000008000f7c                PVD_IRQHandler
                0x0000000008000f7c                SDIO_IRQHandler
                0x0000000008000f7c                TAMP_STAMP_IRQHandler
                0x0000000008000f7c                CAN2_RX1_IRQHandler
                0x0000000008000f7c                EXTI3_IRQHandler
                0x0000000008000f7c                TIM8_TRG_COM_TIM14_IRQHandler
                0x0000000008000f7c                TIM1_UP_TIM10_IRQHandler
                0x0000000008000f7c                TIM8_UP_TIM13_IRQHandler
                0x0000000008000f7c                I2C3_ER_IRQHandler
                0x0000000008000f7c                I2C2_EV_IRQHandler
                0x0000000008000f7c                DMA1_Stream2_IRQHandler
                0x0000000008000f7c                CAN1_RX0_IRQHandler
                0x0000000008000f7c                FPU_IRQHandler
                0x0000000008000f7c                OTG_HS_WKUP_IRQHandler
                0x0000000008000f7c                CAN2_SCE_IRQHandler
                0x0000000008000f7c                DMA2_Stream2_IRQHandler
                0x0000000008000f7c                SPI1_IRQHandler
                0x0000000008000f7c                TIM6_DAC_IRQHandler
                0x0000000008000f7c                TIM1_BRK_TIM9_IRQHandler
                0x0000000008000f7c                DCMI_IRQHandler
                0x0000000008000f7c                CAN2_RX0_IRQHandler
                0x0000000008000f7c                DMA2_Stream3_IRQHandler
                0x0000000008000f7c                USART6_IRQHandler
                0x0000000008000f7c                USART3_IRQHandler
                0x0000000008000f7c                CAN1_RX1_IRQHandler
                0x0000000008000f7c                UART5_IRQHandler
                0x0000000008000f7c                DMA2_Stream0_IRQHandler
                0x0000000008000f7c                TIM4_IRQHandler
                0x0000000008000f7c                I2C1_EV_IRQHandler
                0x0000000008000f7c                DMA1_Stream6_IRQHandler
                0x0000000008000f7c                DMA1_Stream1_IRQHandler
                0x0000000008000f7c                UART4_IRQHandler
                0x0000000008000f7c                TIM3_IRQHandler
                0x0000000008000f7c                RCC_IRQHandler
                0x0000000008000f7c                TIM8_BRK_TIM12_IRQHandler
                0x0000000008000f7c                Default_Handler
                0x0000000008000f7c                EXTI15_10_IRQHandler
                0x0000000008000f7c                ADC_IRQHandler
                0x0000000008000f7c                DMA1_Stream7_IRQHandler
                0x0000000008000f7c                TIM7_IRQHandler
                0x0000000008000f7c                CAN2_TX_IRQHandler
                0x0000000008000f7c                TIM5_IRQHandler
                0x0000000008000f7c                DMA2_Stream7_IRQHandler
                0x0000000008000f7c                I2C3_EV_IRQHandler
                0x0000000008000f7c                EXTI9_5_IRQHandler
                0x0000000008000f7c                RTC_WKUP_IRQHandler
                0x0000000008000f7c                ETH_WKUP_IRQHandler
                0x0000000008000f7c                SPI2_IRQHandler
                0x0000000008000f7c                OTG_HS_EP1_IN_IRQHandler
                0x0000000008000f7c                DMA1_Stream0_IRQHandler
                0x0000000008000f7c                CAN1_TX_IRQHandler
                0x0000000008000f7c                EXTI4_IRQHandler
                0x0000000008000f7c                FSMC_IRQHandler
                0x0000000008000f7c                ETH_IRQHandler
                0x0000000008000f7c                OTG_HS_EP1_OUT_IRQHandler
                0x0000000008000f7c                WWDG_IRQHandler
                0x0000000008000f7c                TIM2_IRQHandler
                0x0000000008000f7c                OTG_FS_WKUP_IRQHandler
                0x0000000008000f7c                TIM1_TRG_COM_TIM11_IRQHandler
                0x0000000008000f7c                OTG_HS_IRQHandler
                0x0000000008000f7c                EXTI1_IRQHandler
                0x0000000008000f7c                USART2_IRQHandler
                0x0000000008000f7c                I2C2_ER_IRQHandler
                0x0000000008000f7c                DMA2_Stream1_IRQHandler
                0x0000000008000f7c                CAN1_SCE_IRQHandler
                0x0000000008000f7c                FLASH_IRQHandler
                0x0000000008000f7c                DMA2_Stream4_IRQHandler
                0x0000000008000f7c                USART1_IRQHandler
                0x0000000008000f7c                OTG_FS_IRQHandler
                0x0000000008000f7c                SPI3_IRQHandler
                0x0000000008000f7c                DMA1_Stream4_IRQHandler
                0x0000000008000f7c                I2C1_ER_IRQHandler
                0x0000000008000f7c                DMA2_Stream6_IRQHandler
                0x0000000008000f7c                DMA1_Stream3_IRQHandler
 *fill*         0x0000000008000f7e        0x2 
 .text.HAL_Init
                0x0000000008000f80       0x44 Drivers/STM32F4xx_HAL_Driver/Src/stm32f4xx_hal.o
                0x0000000008000f80                HAL_Init
 .text.HAL_InitTick
                0x0000000008000fc4       0x60 Drivers/STM32F4xx_HAL_Driver/Src/stm32f4xx_hal.o
                0x0000000008000fc4                HAL_InitTick
 .text.HAL_IncTick
                0x0000000008001024       0x28 Drivers/STM32F4xx_HAL_Driver/Src/stm32f4xx_hal.o
                0x0000000008001024                HAL_IncTick
 .text.HAL_GetTick
                0x000000000800104c       0x18 Drivers/STM32F4xx_HAL_Driver/Src/stm32f4xx_hal.o
                0x000000000800104c                HAL_GetTick
 .text.HAL_Delay
                0x0000000008001064       0x44 Drivers/STM32F4xx_HAL_Driver/Src/stm32f4xx_hal.o
                0x0000000008001064                HAL_Delay
 .text.HAL_ADC_Init
                0x00000000080010a8       0x86 Drivers/STM32F4xx_HAL_Driver/Src/stm32f4xx_hal_adc.o
                0x00000000080010a8                HAL_ADC_Init
 *fill*         0x000000000800112e        0x2 
 .text.HAL_ADC_Start
                0x0000000008001130      0x18c Drivers/STM32F4xx_HAL_Driver/Src/stm32f4xx_hal_adc.o
                0x0000000008001130                HAL_ADC_Start
 .text.HAL_ADC_PollForConversion
                0x00000000080012bc      0x108 Drivers/STM32F4xx_HAL_Driver/Src/stm32f4xx_hal_adc.o
                0x00000000080012bc                HAL_ADC_PollForConversion
 .text.HAL_ADC_GetValue
                0x00000000080013c4       0x1a Drivers/STM32F4xx_HAL_Driver/Src/stm32f4xx_hal_adc.o
                0x00000000080013c4                HAL_ADC_GetValue
 *fill*         0x00000000080013de        0x2 
 .text.HAL_ADC_ConfigChannel
                0x00000000080013e0      0x244 Drivers/STM32F4xx_HAL_Driver/Src/stm32f4xx_hal_adc.o
                0x00000000080013e0                HAL_ADC_ConfigChannel
 .text.ADC_Init
                0x0000000008001624      0x1f8 Drivers/STM32F4xx_HAL_Driver/Src/stm32f4xx_hal_adc.o
 .text.__NVIC_SetPriorityGrouping
                0x000000000800181c       0x48 Drivers/STM32F4xx_HAL_Driver/Src/stm32f4xx_hal_cortex.o
 .text.__NVIC_GetPriorityGrouping
                0x0000000008001864       0x1c Drivers/STM32F4xx_HAL_Driver/Src/stm32f4xx_hal_cortex.o
 .text.__NVIC_EnableIRQ
                0x0000000008001880       0x3c Drivers/STM32F4xx_HAL_Driver/Src/stm32f4xx_hal_cortex.o
 .text.__NVIC_SetPriority
                0x00000000080018bc       0x54 Drivers/STM32F4xx_HAL_Driver/Src/stm32f4xx_hal_cortex.o
 .text.NVIC_EncodePriority
                0x0000000008001910       0x66 Drivers/STM32F4xx_HAL_Driver/Src/stm32f4xx_hal_cortex.o
 *fill*         0x0000000008001976        0x2 
 .text.SysTick_Config
                0x0000000008001978       0x44 Drivers/STM32F4xx_HAL_Driver/Src/stm32f4xx_hal_cortex.o
 .text.HAL_NVIC_SetPriorityGrouping
                0x00000000080019bc       0x16 Drivers/STM32F4xx_HAL_Driver/Src/stm32f4xx_hal_cortex.o
                0x00000000080019bc                HAL_NVIC_SetPriorityGrouping
 .text.HAL_NVIC_SetPriority
                0x00000000080019d2       0x38 Drivers/STM32F4xx_HAL_Driver/Src/stm32f4xx_hal_cortex.o
                0x00000000080019d2                HAL_NVIC_SetPriority
 .text.HAL_NVIC_EnableIRQ
                0x0000000008001a0a       0x1c Drivers/STM32F4xx_HAL_Driver/Src/stm32f4xx_hal_cortex.o
                0x0000000008001a0a                HAL_NVIC_EnableIRQ
 .text.HAL_SYSTICK_Config
                0x0000000008001a26       0x18 Drivers/STM32F4xx_HAL_Driver/Src/stm32f4xx_hal_cortex.o
                0x0000000008001a26                HAL_SYSTICK_Config
 *fill*         0x0000000008001a3e        0x2 
 .text.HAL_GPIO_Init
                0x0000000008001a40      0x334 Drivers/STM32F4xx_HAL_Driver/Src/stm32f4xx_hal_gpio.o
                0x0000000008001a40                HAL_GPIO_Init
 .text.HAL_GPIO_ReadPin
                0x0000000008001d74       0x30 Drivers/STM32F4xx_HAL_Driver/Src/stm32f4xx_hal_gpio.o
                0x0000000008001d74                HAL_GPIO_ReadPin
 .text.HAL_GPIO_WritePin
                0x0000000008001da4       0x32 Drivers/STM32F4xx_HAL_Driver/Src/stm32f4xx_hal_gpio.o
                0x0000000008001da4                HAL_GPIO_WritePin
 .text.HAL_GPIO_TogglePin
                0x0000000008001dd6       0x36 Drivers/STM32F4xx_HAL_Driver/Src/stm32f4xx_hal_gpio.o
                0x0000000008001dd6                HAL_GPIO_TogglePin
 .text.HAL_GPIO_EXTI_IRQHandler
                0x0000000008001e0c       0x30 Drivers/STM32F4xx_HAL_Driver/Src/stm32f4xx_hal_gpio.o
                0x0000000008001e0c                HAL_GPIO_EXTI_IRQHandler
 .text.HAL_RCC_OscConfig
                0x0000000008001e3c      0x4e0 Drivers/STM32F4xx_HAL_Driver/Src/stm32f4xx_hal_rcc.o
                0x0000000008001e3c                HAL_RCC_OscConfig
 .text.HAL_RCC_ClockConfig
                0x000000000800231c      0x1cc Drivers/STM32F4xx_HAL_Driver/Src/stm32f4xx_hal_rcc.o
                0x000000000800231c                HAL_RCC_ClockConfig
 .text.HAL_RCC_GetSysClockFreq
                0x00000000080024e8      0x1ac Drivers/STM32F4xx_HAL_Driver/Src/stm32f4xx_hal_rcc.o
                0x00000000080024e8                HAL_RCC_GetSysClockFreq
 .text.HAL_RCC_GetHCLKFreq
                0x0000000008002694       0x18 Drivers/STM32F4xx_HAL_Driver/Src/stm32f4xx_hal_rcc.o
                0x0000000008002694                HAL_RCC_GetHCLKFreq
 .text.HAL_RCC_GetPCLK1Freq
                0x00000000080026ac       0x28 Drivers/STM32F4xx_HAL_Driver/Src/stm32f4xx_hal_rcc.o
                0x00000000080026ac                HAL_RCC_GetPCLK1Freq
 .text.HAL_RCC_GetPCLK2Freq
                0x00000000080026d4       0x28 Drivers/STM32F4xx_HAL_Driver/Src/stm32f4xx_hal_rcc.o
                0x00000000080026d4                HAL_RCC_GetPCLK2Freq
 .text.HAL_SPI_Init
                0x00000000080026fc       0xc8 Drivers/STM32F4xx_HAL_Driver/Src/stm32f4xx_hal_spi.o
                0x00000000080026fc                HAL_SPI_Init
 .text.HAL_SPI_Transmit
                0x00000000080027c4      0x268 Drivers/STM32F4xx_HAL_Driver/Src/stm32f4xx_hal_spi.o
                0x00000000080027c4                HAL_SPI_Transmit
 .text.SPI_WaitFlagStateUntilTimeout
                0x0000000008002a2c       0xd4 Drivers/STM32F4xx_HAL_Driver/Src/stm32f4xx_hal_spi.o
 .text.SPI_EndRxTxTransaction
                0x0000000008002b00       0x84 Drivers/STM32F4xx_HAL_Driver/Src/stm32f4xx_hal_spi.o
 .text.HAL_TIM_Base_Init
                0x0000000008002b84       0x56 Drivers/STM32F4xx_HAL_Driver/Src/stm32f4xx_hal_tim.o
                0x0000000008002b84                HAL_TIM_Base_Init
 .text.HAL_TIM_Base_Start
                0x0000000008002bda       0x48 Drivers/STM32F4xx_HAL_Driver/Src/stm32f4xx_hal_tim.o
                0x0000000008002bda                HAL_TIM_Base_Start
 *fill*         0x0000000008002c22        0x2 
 .text.TIM_Base_SetConfig
                0x0000000008002c24      0x140 Drivers/STM32F4xx_HAL_Driver/Src/stm32f4xx_hal_tim.o
                0x0000000008002c24                TIM_Base_SetConfig
 .text.HAL_TIMEx_MasterConfigSynchronization
                0x0000000008002d64       0xf8 Drivers/STM32F4xx_HAL_Driver/Src/stm32f4xx_hal_tim_ex.o
                0x0000000008002d64                HAL_TIMEx_MasterConfigSynchronization
 .text.HAL_UART_Init
                0x0000000008002e5c       0x9a Drivers/STM32F4xx_HAL_Driver/Src/stm32f4xx_hal_uart.o
                0x0000000008002e5c                HAL_UART_Init
 *fill*         0x0000000008002ef6        0x2 
 .text.UART_SetConfig
                0x0000000008002ef8      0x6f8 Drivers/STM32F4xx_HAL_Driver/Src/stm32f4xx_hal_uart.o
 .text.__libc_init_array
                0x00000000080035f0       0x48 d:/stm32cubeide_1.4.0/stm32cubeide/plugins/com.st.stm32cube.ide.mcu.externaltools.gnu-tools-for-stm32.7-2018-q2-update.win32_1.4.0.202007081208/tools/bin/../lib/gcc/arm-none-eabi/7.3.1/../../../../arm-none-eabi/lib/thumb/v7e-m/fpv4-sp/hard\libc_nano.a(lib_a-init.o)
                0x00000000080035f0                __libc_init_array
 .text.memset   0x0000000008003638       0x10 d:/stm32cubeide_1.4.0/stm32cubeide/plugins/com.st.stm32cube.ide.mcu.externaltools.gnu-tools-for-stm32.7-2018-q2-update.win32_1.4.0.202007081208/tools/bin/../lib/gcc/arm-none-eabi/7.3.1/../../../../arm-none-eabi/lib/thumb/v7e-m/fpv4-sp/hard\libc_nano.a(lib_a-memset.o)
                0x0000000008003638                memset
 *(.glue_7)
 .glue_7        0x0000000008003648        0x0 linker stubs
 *(.glue_7t)
 .glue_7t       0x0000000008003648        0x0 linker stubs
 *(.eh_frame)
 .eh_frame      0x0000000008003648        0x0 d:/stm32cubeide_1.4.0/stm32cubeide/plugins/com.st.stm32cube.ide.mcu.externaltools.gnu-tools-for-stm32.7-2018-q2-update.win32_1.4.0.202007081208/tools/bin/../lib/gcc/arm-none-eabi/7.3.1/thumb/v7e-m/fpv4-sp/hard/crtbegin.o
 *(.init)
 .init          0x0000000008003648        0x4 d:/stm32cubeide_1.4.0/stm32cubeide/plugins/com.st.stm32cube.ide.mcu.externaltools.gnu-tools-for-stm32.7-2018-q2-update.win32_1.4.0.202007081208/tools/bin/../lib/gcc/arm-none-eabi/7.3.1/thumb/v7e-m/fpv4-sp/hard/crti.o
                0x0000000008003648                _init
 .init          0x000000000800364c        0x8 d:/stm32cubeide_1.4.0/stm32cubeide/plugins/com.st.stm32cube.ide.mcu.externaltools.gnu-tools-for-stm32.7-2018-q2-update.win32_1.4.0.202007081208/tools/bin/../lib/gcc/arm-none-eabi/7.3.1/thumb/v7e-m/fpv4-sp/hard/crtn.o
 *(.fini)
 .fini          0x0000000008003654        0x4 d:/stm32cubeide_1.4.0/stm32cubeide/plugins/com.st.stm32cube.ide.mcu.externaltools.gnu-tools-for-stm32.7-2018-q2-update.win32_1.4.0.202007081208/tools/bin/../lib/gcc/arm-none-eabi/7.3.1/thumb/v7e-m/fpv4-sp/hard/crti.o
                0x0000000008003654                _fini
 .fini          0x0000000008003658        0x8 d:/stm32cubeide_1.4.0/stm32cubeide/plugins/com.st.stm32cube.ide.mcu.externaltools.gnu-tools-for-stm32.7-2018-q2-update.win32_1.4.0.202007081208/tools/bin/../lib/gcc/arm-none-eabi/7.3.1/thumb/v7e-m/fpv4-sp/hard/crtn.o
                0x0000000008003660                . = ALIGN (0x4)
                0x0000000008003660                _etext = .

.vfp11_veneer   0x0000000008003660        0x0
 .vfp11_veneer  0x0000000008003660        0x0 linker stubs

.v4_bx          0x0000000008003660        0x0
 .v4_bx         0x0000000008003660        0x0 linker stubs

.iplt           0x0000000008003660        0x0
 .iplt          0x0000000008003660        0x0 d:/stm32cubeide_1.4.0/stm32cubeide/plugins/com.st.stm32cube.ide.mcu.externaltools.gnu-tools-for-stm32.7-2018-q2-update.win32_1.4.0.202007081208/tools/bin/../lib/gcc/arm-none-eabi/7.3.1/thumb/v7e-m/fpv4-sp/hard/crtbegin.o

.rodata         0x0000000008003660       0x18
                0x0000000008003660                . = ALIGN (0x4)
 *(.rodata)
 *(.rodata*)
 .rodata.AHBPrescTable
                0x0000000008003660       0x10 Core/Src/system_stm32f4xx.o
                0x0000000008003660                AHBPrescTable
 .rodata.APBPrescTable
                0x0000000008003670        0x8 Core/Src/system_stm32f4xx.o
                0x0000000008003670                APBPrescTable
                0x0000000008003678                . = ALIGN (0x4)

.ARM.extab      0x0000000008003678        0x0
                0x0000000008003678                . = ALIGN (0x4)
 *(.ARM.extab* .gnu.linkonce.armextab.*)
                0x0000000008003678                . = ALIGN (0x4)

.ARM            0x0000000008003678        0x8
                0x0000000008003678                . = ALIGN (0x4)
                0x0000000008003678                __exidx_start = .
 *(.ARM.exidx*)
 .ARM.exidx     0x0000000008003678        0x8 d:/stm32cubeide_1.4.0/stm32cubeide/plugins/com.st.stm32cube.ide.mcu.externaltools.gnu-tools-for-stm32.7-2018-q2-update.win32_1.4.0.202007081208/tools/bin/../lib/gcc/arm-none-eabi/7.3.1/thumb/v7e-m/fpv4-sp/hard\libgcc.a(_udivmoddi4.o)
                0x0000000008003680                __exidx_end = .
                0x0000000008003680                . = ALIGN (0x4)

.rel.dyn        0x0000000008003680        0x0
 .rel.iplt      0x0000000008003680        0x0 d:/stm32cubeide_1.4.0/stm32cubeide/plugins/com.st.stm32cube.ide.mcu.externaltools.gnu-tools-for-stm32.7-2018-q2-update.win32_1.4.0.202007081208/tools/bin/../lib/gcc/arm-none-eabi/7.3.1/thumb/v7e-m/fpv4-sp/hard/crtbegin.o

.preinit_array  0x0000000008003680        0x0
                0x0000000008003680                . = ALIGN (0x4)
                0x0000000008003680                PROVIDE (__preinit_array_start = .)
 *(.preinit_array*)
                0x0000000008003680                PROVIDE (__preinit_array_end = .)
                0x0000000008003680                . = ALIGN (0x4)

.init_array     0x0000000008003680        0x4
                0x0000000008003680                . = ALIGN (0x4)
                0x0000000008003680                PROVIDE (__init_array_start = .)
 *(SORT_BY_NAME(.init_array.*))
 *(.init_array*)
 .init_array    0x0000000008003680        0x4 d:/stm32cubeide_1.4.0/stm32cubeide/plugins/com.st.stm32cube.ide.mcu.externaltools.gnu-tools-for-stm32.7-2018-q2-update.win32_1.4.0.202007081208/tools/bin/../lib/gcc/arm-none-eabi/7.3.1/thumb/v7e-m/fpv4-sp/hard/crtbegin.o
                0x0000000008003684                PROVIDE (__init_array_end = .)
                0x0000000008003684                . = ALIGN (0x4)

.fini_array     0x0000000008003684        0x4
                0x0000000008003684                . = ALIGN (0x4)
                [!provide]                        PROVIDE (__fini_array_start = .)
 *(SORT_BY_NAME(.fini_array.*))
 *(.fini_array*)
 .fini_array    0x0000000008003684        0x4 d:/stm32cubeide_1.4.0/stm32cubeide/plugins/com.st.stm32cube.ide.mcu.externaltools.gnu-tools-for-stm32.7-2018-q2-update.win32_1.4.0.202007081208/tools/bin/../lib/gcc/arm-none-eabi/7.3.1/thumb/v7e-m/fpv4-sp/hard/crtbegin.o
                [!provide]                        PROVIDE (__fini_array_end = .)
                0x0000000008003688                . = ALIGN (0x4)
                0x0000000008003688                _sidata = LOADADDR (.data)

.data           0x0000000020000000        0xc load address 0x0000000008003688
                0x0000000020000000                . = ALIGN (0x4)
                0x0000000020000000                _sdata = .
 *(.data)
 *(.data*)
 .data.SystemCoreClock
                0x0000000020000000        0x4 Core/Src/system_stm32f4xx.o
                0x0000000020000000                SystemCoreClock
 .data.uwTickPrio
                0x0000000020000004        0x4 Drivers/STM32F4xx_HAL_Driver/Src/stm32f4xx_hal.o
                0x0000000020000004                uwTickPrio
 .data.uwTickFreq
                0x0000000020000008        0x1 Drivers/STM32F4xx_HAL_Driver/Src/stm32f4xx_hal.o
                0x0000000020000008                uwTickFreq
                0x000000002000000c                . = ALIGN (0x4)
 *fill*         0x0000000020000009        0x3 
                0x000000002000000c                _edata = .

.igot.plt       0x000000002000000c        0x0 load address 0x0000000008003694
 .igot.plt      0x000000002000000c        0x0 d:/stm32cubeide_1.4.0/stm32cubeide/plugins/com.st.stm32cube.ide.mcu.externaltools.gnu-tools-for-stm32.7-2018-q2-update.win32_1.4.0.202007081208/tools/bin/../lib/gcc/arm-none-eabi/7.3.1/thumb/v7e-m/fpv4-sp/hard/crtbegin.o
                0x000000002000000c                . = ALIGN (0x4)

.bss            0x000000002000000c      0x160 load address 0x0000000008003694
                0x000000002000000c                _sbss = .
                0x000000002000000c                __bss_start__ = _sbss
 *(.bss)
 .bss           0x000000002000000c       0x1c d:/stm32cubeide_1.4.0/stm32cubeide/plugins/com.st.stm32cube.ide.mcu.externaltools.gnu-tools-for-stm32.7-2018-q2-update.win32_1.4.0.202007081208/tools/bin/../lib/gcc/arm-none-eabi/7.3.1/thumb/v7e-m/fpv4-sp/hard/crtbegin.o
 *(.bss*)
 .bss.counter   0x0000000020000028        0x1 Core/Src/main.o
                0x0000000020000028                counter
 *(COMMON)
 *fill*         0x0000000020000029        0x3 
 COMMON         0x000000002000002c      0x139 Core/Src/main.o
                0x000000002000002c                hadc1
                0x0000000020000074                potvar
                0x0000000020000078                htim6
                0x00000000200000b8                huart4
                0x00000000200000f8                hspi1
                0x0000000020000150                dhtsensorvar
                0x0000000020000164                FLAG
 *fill*         0x0000000020000165        0x3 
 COMMON         0x0000000020000168        0x4 Drivers/STM32F4xx_HAL_Driver/Src/stm32f4xx_hal.o
                0x0000000020000168                uwTick
                0x000000002000016c                . = ALIGN (0x4)
                0x000000002000016c                _ebss = .
                0x000000002000016c                __bss_end__ = _ebss

._user_heap_stack
                0x000000002000016c      0x604 load address 0x0000000008003694
                0x0000000020000170                . = ALIGN (0x8)
 *fill*         0x000000002000016c        0x4 
                [!provide]                        PROVIDE (end = .)
                0x0000000020000170                PROVIDE (_end = .)
                0x0000000020000370                . = (. + _Min_Heap_Size)
 *fill*         0x0000000020000170      0x200 
                0x0000000020000770                . = (. + _Min_Stack_Size)
 *fill*         0x0000000020000370      0x400 
                0x0000000020000770                . = ALIGN (0x8)

/DISCARD/
 libc.a(*)
 libm.a(*)
 libgcc.a(*)

.ARM.attributes
                0x0000000000000000       0x30
 *(.ARM.attributes)
 .ARM.attributes
                0x0000000000000000       0x22 d:/stm32cubeide_1.4.0/stm32cubeide/plugins/com.st.stm32cube.ide.mcu.externaltools.gnu-tools-for-stm32.7-2018-q2-update.win32_1.4.0.202007081208/tools/bin/../lib/gcc/arm-none-eabi/7.3.1/thumb/v7e-m/fpv4-sp/hard/crti.o
 .ARM.attributes
                0x0000000000000022       0x34 d:/stm32cubeide_1.4.0/stm32cubeide/plugins/com.st.stm32cube.ide.mcu.externaltools.gnu-tools-for-stm32.7-2018-q2-update.win32_1.4.0.202007081208/tools/bin/../lib/gcc/arm-none-eabi/7.3.1/thumb/v7e-m/fpv4-sp/hard/crtbegin.o
 .ARM.attributes
                0x0000000000000056       0x39 Core/Src/DHT11.o
 .ARM.attributes
                0x000000000000008f       0x39 Core/Src/main.o
 .ARM.attributes
                0x00000000000000c8       0x39 Core/Src/stm32f4xx_hal_msp.o
 .ARM.attributes
                0x0000000000000101       0x39 Core/Src/stm32f4xx_it.o
 .ARM.attributes
                0x000000000000013a       0x39 Core/Src/system_stm32f4xx.o
 .ARM.attributes
                0x0000000000000173       0x21 Core/Startup/startup_stm32f407vgtx.o
 .ARM.attributes
                0x0000000000000194       0x39 Drivers/STM32F4xx_HAL_Driver/Src/stm32f4xx_hal.o
 .ARM.attributes
                0x00000000000001cd       0x39 Drivers/STM32F4xx_HAL_Driver/Src/stm32f4xx_hal_adc.o
 .ARM.attributes
                0x0000000000000206       0x39 Drivers/STM32F4xx_HAL_Driver/Src/stm32f4xx_hal_cortex.o
 .ARM.attributes
                0x000000000000023f       0x39 Drivers/STM32F4xx_HAL_Driver/Src/stm32f4xx_hal_gpio.o
 .ARM.attributes
                0x0000000000000278       0x39 Drivers/STM32F4xx_HAL_Driver/Src/stm32f4xx_hal_rcc.o
 .ARM.attributes
                0x00000000000002b1       0x39 Drivers/STM32F4xx_HAL_Driver/Src/stm32f4xx_hal_spi.o
 .ARM.attributes
                0x00000000000002ea       0x39 Drivers/STM32F4xx_HAL_Driver/Src/stm32f4xx_hal_tim.o
 .ARM.attributes
                0x0000000000000323       0x39 Drivers/STM32F4xx_HAL_Driver/Src/stm32f4xx_hal_tim_ex.o
 .ARM.attributes
                0x000000000000035c       0x39 Drivers/STM32F4xx_HAL_Driver/Src/stm32f4xx_hal_uart.o
 .ARM.attributes
                0x0000000000000395       0x34 d:/stm32cubeide_1.4.0/stm32cubeide/plugins/com.st.stm32cube.ide.mcu.externaltools.gnu-tools-for-stm32.7-2018-q2-update.win32_1.4.0.202007081208/tools/bin/../lib/gcc/arm-none-eabi/7.3.1/../../../../arm-none-eabi/lib/thumb/v7e-m/fpv4-sp/hard\libc_nano.a(lib_a-init.o)
 .ARM.attributes
                0x00000000000003c9       0x34 d:/stm32cubeide_1.4.0/stm32cubeide/plugins/com.st.stm32cube.ide.mcu.externaltools.gnu-tools-for-stm32.7-2018-q2-update.win32_1.4.0.202007081208/tools/bin/../lib/gcc/arm-none-eabi/7.3.1/../../../../arm-none-eabi/lib/thumb/v7e-m/fpv4-sp/hard\libc_nano.a(lib_a-memset.o)
 .ARM.attributes
                0x00000000000003fd       0x22 d:/stm32cubeide_1.4.0/stm32cubeide/plugins/com.st.stm32cube.ide.mcu.externaltools.gnu-tools-for-stm32.7-2018-q2-update.win32_1.4.0.202007081208/tools/bin/../lib/gcc/arm-none-eabi/7.3.1/thumb/v7e-m/fpv4-sp/hard\libgcc.a(_aeabi_uldivmod.o)
 .ARM.attributes
                0x000000000000041f       0x34 d:/stm32cubeide_1.4.0/stm32cubeide/plugins/com.st.stm32cube.ide.mcu.externaltools.gnu-tools-for-stm32.7-2018-q2-update.win32_1.4.0.202007081208/tools/bin/../lib/gcc/arm-none-eabi/7.3.1/thumb/v7e-m/fpv4-sp/hard\libgcc.a(_udivmoddi4.o)
 .ARM.attributes
                0x0000000000000453       0x22 d:/stm32cubeide_1.4.0/stm32cubeide/plugins/com.st.stm32cube.ide.mcu.externaltools.gnu-tools-for-stm32.7-2018-q2-update.win32_1.4.0.202007081208/tools/bin/../lib/gcc/arm-none-eabi/7.3.1/thumb/v7e-m/fpv4-sp/hard\libgcc.a(_dvmd_tls.o)
 .ARM.attributes
                0x0000000000000475       0x22 d:/stm32cubeide_1.4.0/stm32cubeide/plugins/com.st.stm32cube.ide.mcu.externaltools.gnu-tools-for-stm32.7-2018-q2-update.win32_1.4.0.202007081208/tools/bin/../lib/gcc/arm-none-eabi/7.3.1/thumb/v7e-m/fpv4-sp/hard/crtn.o
OUTPUT(001HumidtyMonitor.elf elf32-littlearm)

.debug_info     0x0000000000000000     0xcfac
 .debug_info    0x0000000000000000      0x3b4 Core/Src/DHT11.o
 .debug_info    0x00000000000003b4     0x1ee6 Core/Src/main.o
 .debug_info    0x000000000000229a     0x11d1 Core/Src/stm32f4xx_hal_msp.o
 .debug_info    0x000000000000346b      0x231 Core/Src/stm32f4xx_it.o
 .debug_info    0x000000000000369c      0x554 Core/Src/system_stm32f4xx.o
 .debug_info    0x0000000000003bf0       0x22 Core/Startup/startup_stm32f407vgtx.o
 .debug_info    0x0000000000003c12      0x945 Drivers/STM32F4xx_HAL_Driver/Src/stm32f4xx_hal.o
 .debug_info    0x0000000000004557      0xcee Drivers/STM32F4xx_HAL_Driver/Src/stm32f4xx_hal_adc.o
 .debug_info    0x0000000000005245      0xe28 Drivers/STM32F4xx_HAL_Driver/Src/stm32f4xx_hal_cortex.o
 .debug_info    0x000000000000606d      0x7b5 Drivers/STM32F4xx_HAL_Driver/Src/stm32f4xx_hal_gpio.o
 .debug_info    0x0000000000006822      0x904 Drivers/STM32F4xx_HAL_Driver/Src/stm32f4xx_hal_rcc.o
 .debug_info    0x0000000000007126     0x163a Drivers/STM32F4xx_HAL_Driver/Src/stm32f4xx_hal_spi.o
 .debug_info    0x0000000000008760     0x24a9 Drivers/STM32F4xx_HAL_Driver/Src/stm32f4xx_hal_tim.o
 .debug_info    0x000000000000ac09     0x1157 Drivers/STM32F4xx_HAL_Driver/Src/stm32f4xx_hal_tim_ex.o
 .debug_info    0x000000000000bd60     0x124c Drivers/STM32F4xx_HAL_Driver/Src/stm32f4xx_hal_uart.o

.debug_abbrev   0x0000000000000000     0x1bd6
 .debug_abbrev  0x0000000000000000      0x19c Core/Src/DHT11.o
 .debug_abbrev  0x000000000000019c      0x2a4 Core/Src/main.o
 .debug_abbrev  0x0000000000000440      0x1ef Core/Src/stm32f4xx_hal_msp.o
 .debug_abbrev  0x000000000000062f       0xc6 Core/Src/stm32f4xx_it.o
 .debug_abbrev  0x00000000000006f5      0x12b Core/Src/system_stm32f4xx.o
 .debug_abbrev  0x0000000000000820       0x12 Core/Startup/startup_stm32f407vgtx.o
 .debug_abbrev  0x0000000000000832      0x1c7 Drivers/STM32F4xx_HAL_Driver/Src/stm32f4xx_hal.o
 .debug_abbrev  0x00000000000009f9      0x205 Drivers/STM32F4xx_HAL_Driver/Src/stm32f4xx_hal_adc.o
 .debug_abbrev  0x0000000000000bfe      0x2fa Drivers/STM32F4xx_HAL_Driver/Src/stm32f4xx_hal_cortex.o
 .debug_abbrev  0x0000000000000ef8      0x1c9 Drivers/STM32F4xx_HAL_Driver/Src/stm32f4xx_hal_gpio.o
 .debug_abbrev  0x00000000000010c1      0x245 Drivers/STM32F4xx_HAL_Driver/Src/stm32f4xx_hal_rcc.o
 .debug_abbrev  0x0000000000001306      0x240 Drivers/STM32F4xx_HAL_Driver/Src/stm32f4xx_hal_spi.o
 .debug_abbrev  0x0000000000001546      0x230 Drivers/STM32F4xx_HAL_Driver/Src/stm32f4xx_hal_tim.o
 .debug_abbrev  0x0000000000001776      0x21e Drivers/STM32F4xx_HAL_Driver/Src/stm32f4xx_hal_tim_ex.o
 .debug_abbrev  0x0000000000001994      0x242 Drivers/STM32F4xx_HAL_Driver/Src/stm32f4xx_hal_uart.o

.debug_aranges  0x0000000000000000      0xe28
 .debug_aranges
                0x0000000000000000       0x40 Core/Src/DHT11.o
 .debug_aranges
                0x0000000000000040       0x68 Core/Src/main.o
 .debug_aranges
                0x00000000000000a8       0x60 Core/Src/stm32f4xx_hal_msp.o
 .debug_aranges
                0x0000000000000108       0x68 Core/Src/stm32f4xx_it.o
 .debug_aranges
                0x0000000000000170       0x28 Core/Src/system_stm32f4xx.o
 .debug_aranges
                0x0000000000000198       0x28 Core/Startup/startup_stm32f407vgtx.o
 .debug_aranges
                0x00000000000001c0       0xf0 Drivers/STM32F4xx_HAL_Driver/Src/stm32f4xx_hal.o
 .debug_aranges
                0x00000000000002b0       0xe8 Drivers/STM32F4xx_HAL_Driver/Src/stm32f4xx_hal_adc.o
 .debug_aranges
                0x0000000000000398      0x118 Drivers/STM32F4xx_HAL_Driver/Src/stm32f4xx_hal_cortex.o
 .debug_aranges
                0x00000000000004b0       0x58 Drivers/STM32F4xx_HAL_Driver/Src/stm32f4xx_hal_gpio.o
 .debug_aranges
                0x0000000000000508       0x88 Drivers/STM32F4xx_HAL_Driver/Src/stm32f4xx_hal_rcc.o
 .debug_aranges
                0x0000000000000590      0x1d0 Drivers/STM32F4xx_HAL_Driver/Src/stm32f4xx_hal_spi.o
 .debug_aranges
                0x0000000000000760      0x3a8 Drivers/STM32F4xx_HAL_Driver/Src/stm32f4xx_hal_tim.o
 .debug_aranges
                0x0000000000000b08      0x150 Drivers/STM32F4xx_HAL_Driver/Src/stm32f4xx_hal_tim_ex.o
 .debug_aranges
                0x0000000000000c58      0x1d0 Drivers/STM32F4xx_HAL_Driver/Src/stm32f4xx_hal_uart.o

.debug_ranges   0x0000000000000000      0xd40
 .debug_ranges  0x0000000000000000       0x30 Core/Src/DHT11.o
 .debug_ranges  0x0000000000000030       0x58 Core/Src/main.o
 .debug_ranges  0x0000000000000088       0x50 Core/Src/stm32f4xx_hal_msp.o
 .debug_ranges  0x00000000000000d8       0x58 Core/Src/stm32f4xx_it.o
 .debug_ranges  0x0000000000000130       0x18 Core/Src/system_stm32f4xx.o
 .debug_ranges  0x0000000000000148       0x20 Core/Startup/startup_stm32f407vgtx.o
 .debug_ranges  0x0000000000000168       0xe0 Drivers/STM32F4xx_HAL_Driver/Src/stm32f4xx_hal.o
 .debug_ranges  0x0000000000000248       0xd8 Drivers/STM32F4xx_HAL_Driver/Src/stm32f4xx_hal_adc.o
 .debug_ranges  0x0000000000000320      0x108 Drivers/STM32F4xx_HAL_Driver/Src/stm32f4xx_hal_cortex.o
 .debug_ranges  0x0000000000000428       0x48 Drivers/STM32F4xx_HAL_Driver/Src/stm32f4xx_hal_gpio.o
 .debug_ranges  0x0000000000000470       0x78 Drivers/STM32F4xx_HAL_Driver/Src/stm32f4xx_hal_rcc.o
 .debug_ranges  0x00000000000004e8      0x1c0 Drivers/STM32F4xx_HAL_Driver/Src/stm32f4xx_hal_spi.o
 .debug_ranges  0x00000000000006a8      0x398 Drivers/STM32F4xx_HAL_Driver/Src/stm32f4xx_hal_tim.o
 .debug_ranges  0x0000000000000a40      0x140 Drivers/STM32F4xx_HAL_Driver/Src/stm32f4xx_hal_tim_ex.o
 .debug_ranges  0x0000000000000b80      0x1c0 Drivers/STM32F4xx_HAL_Driver/Src/stm32f4xx_hal_uart.o

.debug_macro    0x0000000000000000    0x21645
 .debug_macro   0x0000000000000000      0x200 Core/Src/DHT11.o
 .debug_macro   0x0000000000000200      0xa5a Core/Src/DHT11.o
 .debug_macro   0x0000000000000c5a      0x2a0 Core/Src/DHT11.o
 .debug_macro   0x0000000000000efa       0x2e Core/Src/DHT11.o
 .debug_macro   0x0000000000000f28       0x2f Core/Src/DHT11.o
 .debug_macro   0x0000000000000f57       0x22 Core/Src/DHT11.o
 .debug_macro   0x0000000000000f79       0x8e Core/Src/DHT11.o
 .debug_macro   0x0000000000001007       0x51 Core/Src/DHT11.o
 .debug_macro   0x0000000000001058       0xef Core/Src/DHT11.o
 .debug_macro   0x0000000000001147       0x6a Core/Src/DHT11.o
 .debug_macro   0x00000000000011b1      0x1df Core/Src/DHT11.o
 .debug_macro   0x0000000000001390       0x1c Core/Src/DHT11.o
 .debug_macro   0x00000000000013ac       0x22 Core/Src/DHT11.o
 .debug_macro   0x00000000000013ce       0xdf Core/Src/DHT11.o
 .debug_macro   0x00000000000014ad     0x102d Core/Src/DHT11.o
 .debug_macro   0x00000000000024da      0x11f Core/Src/DHT11.o
 .debug_macro   0x00000000000025f9    0x15e3c Core/Src/DHT11.o
 .debug_macro   0x0000000000018435       0x43 Core/Src/DHT11.o
 .debug_macro   0x0000000000018478     0x3659 Core/Src/DHT11.o
 .debug_macro   0x000000000001bad1      0x174 Core/Src/DHT11.o
 .debug_macro   0x000000000001bc45       0x5a Core/Src/DHT11.o
 .debug_macro   0x000000000001bc9f      0x96b Core/Src/DHT11.o
 .debug_macro   0x000000000001c60a      0x9fe Core/Src/DHT11.o
 .debug_macro   0x000000000001d008      0x117 Core/Src/DHT11.o
 .debug_macro   0x000000000001d11f      0x13e Core/Src/DHT11.o
 .debug_macro   0x000000000001d25d       0x27 Core/Src/DHT11.o
 .debug_macro   0x000000000001d284      0x174 Core/Src/DHT11.o
 .debug_macro   0x000000000001d3f8      0x287 Core/Src/DHT11.o
 .debug_macro   0x000000000001d67f       0x5f Core/Src/DHT11.o
 .debug_macro   0x000000000001d6de      0x236 Core/Src/DHT11.o
 .debug_macro   0x000000000001d914      0x391 Core/Src/DHT11.o
 .debug_macro   0x000000000001dca5      0x176 Core/Src/DHT11.o
 .debug_macro   0x000000000001de1b       0xf9 Core/Src/DHT11.o
 .debug_macro   0x000000000001df14      0x12c Core/Src/DHT11.o
 .debug_macro   0x000000000001e040      0x21e Core/Src/DHT11.o
 .debug_macro   0x000000000001e25e       0x2e Core/Src/DHT11.o
 .debug_macro   0x000000000001e28c      0x11a Core/Src/DHT11.o
 .debug_macro   0x000000000001e3a6       0x7e Core/Src/DHT11.o
 .debug_macro   0x000000000001e424       0x89 Core/Src/DHT11.o
 .debug_macro   0x000000000001e4ad      0x225 Core/Src/DHT11.o
 .debug_macro   0x000000000001e6d2      0x8a0 Core/Src/DHT11.o
 .debug_macro   0x000000000001ef72       0x47 Core/Src/DHT11.o
 .debug_macro   0x000000000001efb9      0x287 Core/Src/DHT11.o
 .debug_macro   0x000000000001f240      0x12d Core/Src/DHT11.o
 .debug_macro   0x000000000001f36d       0x6a Core/Src/DHT11.o
 .debug_macro   0x000000000001f3d7      0x2ff Core/Src/main.o
 .debug_macro   0x000000000001f6d6       0x46 Core/Src/main.o
 .debug_macro   0x000000000001f71c       0x18 Core/Src/main.o
 .debug_macro   0x000000000001f734       0x3c Core/Src/main.o
 .debug_macro   0x000000000001f770       0x34 Core/Src/main.o
 .debug_macro   0x000000000001f7a4       0x52 Core/Src/main.o
 .debug_macro   0x000000000001f7f6       0x1f Core/Src/main.o
 .debug_macro   0x000000000001f815       0x43 Core/Src/main.o
 .debug_macro   0x000000000001f858       0x20 Core/Src/main.o
 .debug_macro   0x000000000001f878      0x1a3 Core/Src/main.o
 .debug_macro   0x000000000001fa1b      0x32a Core/Src/main.o
 .debug_macro   0x000000000001fd45       0x10 Core/Src/main.o
 .debug_macro   0x000000000001fd55       0x35 Core/Src/main.o
 .debug_macro   0x000000000001fd8a       0x20 Core/Src/main.o
 .debug_macro   0x000000000001fdaa       0x16 Core/Src/main.o
 .debug_macro   0x000000000001fdc0       0x16 Core/Src/main.o
 .debug_macro   0x000000000001fdd6       0x29 Core/Src/main.o
 .debug_macro   0x000000000001fdff      0x200 Core/Src/stm32f4xx_hal_msp.o
 .debug_macro   0x000000000001ffff      0x20a Core/Src/stm32f4xx_it.o
 .debug_macro   0x0000000000020209      0x1f7 Core/Src/system_stm32f4xx.o
 .debug_macro   0x0000000000020400      0x251 Drivers/STM32F4xx_HAL_Driver/Src/stm32f4xx_hal.o
 .debug_macro   0x0000000000020651      0x1f2 Drivers/STM32F4xx_HAL_Driver/Src/stm32f4xx_hal_adc.o
 .debug_macro   0x0000000000020843      0x1f1 Drivers/STM32F4xx_HAL_Driver/Src/stm32f4xx_hal_cortex.o
 .debug_macro   0x0000000000020a34      0x227 Drivers/STM32F4xx_HAL_Driver/Src/stm32f4xx_hal_gpio.o
 .debug_macro   0x0000000000020c5b      0x215 Drivers/STM32F4xx_HAL_Driver/Src/stm32f4xx_hal_rcc.o
 .debug_macro   0x0000000000020e70      0x200 Drivers/STM32F4xx_HAL_Driver/Src/stm32f4xx_hal_spi.o
 .debug_macro   0x0000000000021070      0x1f2 Drivers/STM32F4xx_HAL_Driver/Src/stm32f4xx_hal_tim.o
 .debug_macro   0x0000000000021262      0x1f1 Drivers/STM32F4xx_HAL_Driver/Src/stm32f4xx_hal_tim_ex.o
 .debug_macro   0x0000000000021453      0x1f2 Drivers/STM32F4xx_HAL_Driver/Src/stm32f4xx_hal_uart.o

.debug_line     0x0000000000000000     0xa052
 .debug_line    0x0000000000000000      0x774 Core/Src/DHT11.o
 .debug_line    0x0000000000000774      0x9b4 Core/Src/main.o
 .debug_line    0x0000000000001128      0x7af Core/Src/stm32f4xx_hal_msp.o
 .debug_line    0x00000000000018d7      0x7b3 Core/Src/stm32f4xx_it.o
 .debug_line    0x000000000000208a      0x718 Core/Src/system_stm32f4xx.o
 .debug_line    0x00000000000027a2       0x85 Core/Startup/startup_stm32f407vgtx.o
 .debug_line    0x0000000000002827      0x902 Drivers/STM32F4xx_HAL_Driver/Src/stm32f4xx_hal.o
 .debug_line    0x0000000000003129      0xb67 Drivers/STM32F4xx_HAL_Driver/Src/stm32f4xx_hal_adc.o
 .debug_line    0x0000000000003c90      0xa26 Drivers/STM32F4xx_HAL_Driver/Src/stm32f4xx_hal_cortex.o
 .debug_line    0x00000000000046b6      0x8e1 Drivers/STM32F4xx_HAL_Driver/Src/stm32f4xx_hal_gpio.o
 .debug_line    0x0000000000004f97      0x95a Drivers/STM32F4xx_HAL_Driver/Src/stm32f4xx_hal_rcc.o
 .debug_line    0x00000000000058f1     0x10be Drivers/STM32F4xx_HAL_Driver/Src/stm32f4xx_hal_spi.o
 .debug_line    0x00000000000069af     0x197b Drivers/STM32F4xx_HAL_Driver/Src/stm32f4xx_hal_tim.o
 .debug_line    0x000000000000832a      0xd18 Drivers/STM32F4xx_HAL_Driver/Src/stm32f4xx_hal_tim_ex.o
 .debug_line    0x0000000000009042     0x1010 Drivers/STM32F4xx_HAL_Driver/Src/stm32f4xx_hal_uart.o

.debug_str      0x0000000000000000    0xcee48
 .debug_str     0x0000000000000000    0xc7e3f Core/Src/DHT11.o
                                      0xc80e6 (size before relaxing)
 .debug_str     0x00000000000c7e3f     0x4134 Core/Src/main.o
                                      0xcc32e (size before relaxing)
 .debug_str     0x00000000000cbf73       0xda Core/Src/stm32f4xx_hal_msp.o
                                      0xc8b13 (size before relaxing)
 .debug_str     0x00000000000cc04d       0xce Core/Src/stm32f4xx_it.o
                                      0xc80bd (size before relaxing)
 .debug_str     0x00000000000cc11b       0xc4 Core/Src/system_stm32f4xx.o
                                      0xc7ff0 (size before relaxing)
 .debug_str     0x00000000000cc1df       0x36 Core/Startup/startup_stm32f407vgtx.o
                                         0x63 (size before relaxing)
 .debug_str     0x00000000000cc215      0x58d Drivers/STM32F4xx_HAL_Driver/Src/stm32f4xx_hal.o
                                      0xc8abd (size before relaxing)
 .debug_str     0x00000000000cc7a2      0x295 Drivers/STM32F4xx_HAL_Driver/Src/stm32f4xx_hal_adc.o
                                      0xc8587 (size before relaxing)
 .debug_str     0x00000000000cca37      0x392 Drivers/STM32F4xx_HAL_Driver/Src/stm32f4xx_hal_cortex.o
                                      0xc88ac (size before relaxing)
 .debug_str     0x00000000000ccdc9      0x1e6 Drivers/STM32F4xx_HAL_Driver/Src/stm32f4xx_hal_gpio.o
                                      0xc822f (size before relaxing)
 .debug_str     0x00000000000ccfaf      0x259 Drivers/STM32F4xx_HAL_Driver/Src/stm32f4xx_hal_rcc.o
                                      0xc83dd (size before relaxing)
 .debug_str     0x00000000000cd208      0x55a Drivers/STM32F4xx_HAL_Driver/Src/stm32f4xx_hal_spi.o
                                      0xc885e (size before relaxing)
 .debug_str     0x00000000000cd762      0xd43 Drivers/STM32F4xx_HAL_Driver/Src/stm32f4xx_hal_tim.o
                                      0xc90fc (size before relaxing)
 .debug_str     0x00000000000ce4a5      0x4a2 Drivers/STM32F4xx_HAL_Driver/Src/stm32f4xx_hal_tim_ex.o
                                      0xc88fc (size before relaxing)
 .debug_str     0x00000000000ce947      0x501 Drivers/STM32F4xx_HAL_Driver/Src/stm32f4xx_hal_uart.o
                                      0xc883c (size before relaxing)

.comment        0x0000000000000000       0x7b
 .comment       0x0000000000000000       0x7b Core/Src/DHT11.o
                                         0x7c (size before relaxing)
 .comment       0x000000000000007b       0x7c Core/Src/main.o
 .comment       0x000000000000007b       0x7c Core/Src/stm32f4xx_hal_msp.o
 .comment       0x000000000000007b       0x7c Core/Src/stm32f4xx_it.o
 .comment       0x000000000000007b       0x7c Core/Src/system_stm32f4xx.o
 .comment       0x000000000000007b       0x7c Drivers/STM32F4xx_HAL_Driver/Src/stm32f4xx_hal.o
 .comment       0x000000000000007b       0x7c Drivers/STM32F4xx_HAL_Driver/Src/stm32f4xx_hal_adc.o
 .comment       0x000000000000007b       0x7c Drivers/STM32F4xx_HAL_Driver/Src/stm32f4xx_hal_cortex.o
 .comment       0x000000000000007b       0x7c Drivers/STM32F4xx_HAL_Driver/Src/stm32f4xx_hal_gpio.o
 .comment       0x000000000000007b       0x7c Drivers/STM32F4xx_HAL_Driver/Src/stm32f4xx_hal_rcc.o
 .comment       0x000000000000007b       0x7c Drivers/STM32F4xx_HAL_Driver/Src/stm32f4xx_hal_spi.o
 .comment       0x000000000000007b       0x7c Drivers/STM32F4xx_HAL_Driver/Src/stm32f4xx_hal_tim.o
 .comment       0x000000000000007b       0x7c Drivers/STM32F4xx_HAL_Driver/Src/stm32f4xx_hal_tim_ex.o
 .comment       0x000000000000007b       0x7c Drivers/STM32F4xx_HAL_Driver/Src/stm32f4xx_hal_uart.o

.debug_frame    0x0000000000000000     0x3c08
 .debug_frame   0x0000000000000000       0xbc Core/Src/DHT11.o
 .debug_frame   0x00000000000000bc      0x168 Core/Src/main.o
 .debug_frame   0x0000000000000224      0x15c Core/Src/stm32f4xx_hal_msp.o
 .debug_frame   0x0000000000000380      0x128 Core/Src/stm32f4xx_it.o
 .debug_frame   0x00000000000004a8       0x58 Core/Src/system_stm32f4xx.o
 .debug_frame   0x0000000000000500      0x374 Drivers/STM32F4xx_HAL_Driver/Src/stm32f4xx_hal.o
 .debug_frame   0x0000000000000874      0x3fc Drivers/STM32F4xx_HAL_Driver/Src/stm32f4xx_hal_adc.o
 .debug_frame   0x0000000000000c70      0x498 Drivers/STM32F4xx_HAL_Driver/Src/stm32f4xx_hal_cortex.o
 .debug_frame   0x0000000000001108      0x14c Drivers/STM32F4xx_HAL_Driver/Src/stm32f4xx_hal_gpio.o
 .debug_frame   0x0000000000001254      0x1f0 Drivers/STM32F4xx_HAL_Driver/Src/stm32f4xx_hal_rcc.o
 .debug_frame   0x0000000000001444      0x824 Drivers/STM32F4xx_HAL_Driver/Src/stm32f4xx_hal_spi.o
 .debug_frame   0x0000000000001c68     0x10f0 Drivers/STM32F4xx_HAL_Driver/Src/stm32f4xx_hal_tim.o
 .debug_frame   0x0000000000002d58      0x5c0 Drivers/STM32F4xx_HAL_Driver/Src/stm32f4xx_hal_tim_ex.o
 .debug_frame   0x0000000000003318      0x844 Drivers/STM32F4xx_HAL_Driver/Src/stm32f4xx_hal_uart.o
 .debug_frame   0x0000000000003b5c       0x2c d:/stm32cubeide_1.4.0/stm32cubeide/plugins/com.st.stm32cube.ide.mcu.externaltools.gnu-tools-for-stm32.7-2018-q2-update.win32_1.4.0.202007081208/tools/bin/../lib/gcc/arm-none-eabi/7.3.1/../../../../arm-none-eabi/lib/thumb/v7e-m/fpv4-sp/hard\libc_nano.a(lib_a-init.o)
 .debug_frame   0x0000000000003b88       0x20 d:/stm32cubeide_1.4.0/stm32cubeide/plugins/com.st.stm32cube.ide.mcu.externaltools.gnu-tools-for-stm32.7-2018-q2-update.win32_1.4.0.202007081208/tools/bin/../lib/gcc/arm-none-eabi/7.3.1/../../../../arm-none-eabi/lib/thumb/v7e-m/fpv4-sp/hard\libc_nano.a(lib_a-memset.o)
 .debug_frame   0x0000000000003ba8       0x2c d:/stm32cubeide_1.4.0/stm32cubeide/plugins/com.st.stm32cube.ide.mcu.externaltools.gnu-tools-for-stm32.7-2018-q2-update.win32_1.4.0.202007081208/tools/bin/../lib/gcc/arm-none-eabi/7.3.1/thumb/v7e-m/fpv4-sp/hard\libgcc.a(_aeabi_uldivmod.o)
 .debug_frame   0x0000000000003bd4       0x34 d:/stm32cubeide_1.4.0/stm32cubeide/plugins/com.st.stm32cube.ide.mcu.externaltools.gnu-tools-for-stm32.7-2018-q2-update.win32_1.4.0.202007081208/tools/bin/../lib/gcc/arm-none-eabi/7.3.1/thumb/v7e-m/fpv4-sp/hard\libgcc.a(_udivmoddi4.o)
