18:28:54 **** Incremental Build of configuration Debug for project 001HumidtyMonitor ****
make -j4 all 
arm-none-eabi-gcc "../Core/Src/main.c" -mcpu=cortex-m4 -std=gnu11 -g3 -DUSE_HAL_DRIVER -DDEBUG -DSTM32F407xx -c -I../Core/Inc -I../Drivers/STM32F4xx_HAL_Driver/Inc -I../Drivers/STM32F4xx_HAL_Driver/Inc/Legacy -I../Drivers/CMSIS/Device/ST/STM32F4xx/Include -I../Drivers/CMSIS/Include -O0 -ffunction-sections -fdata-sections -Wall -fstack-usage -MMD -MP -MF"Core/Src/main.d" -MT"Core/Src/main.o" --specs=nano.specs -mfpu=fpv4-sp-d16 -mfloat-abi=hard -mthumb -o "Core/Src/main.o"
../Core/Src/main.c: In function 'main':
../Core/Src/main.c:91:30: warning: passing argument 2 of 'HAL_SPI_Transmit' makes pointer from integer without a cast [-Wint-conversion]
     HAL_SPI_Transmit(&hspi1, 2, 1, 10);
                              ^
In file included from ../Core/Inc/stm32f4xx_hal_conf.h:396:0,
                 from ../Drivers/STM32F4xx_HAL_Driver/Inc/stm32f4xx_hal.h:30,
                 from ../Core/Inc/main.h:31,
                 from ../Core/Src/main.c:21:
../Drivers/STM32F4xx_HAL_Driver/Inc/stm32f4xx_hal_spi.h:666:19: note: expected 'uint8_t * {aka unsigned char *}' but argument is of type 'int'
 HAL_StatusTypeDef HAL_SPI_Transmit(SPI_HandleTypeDef *hspi, uint8_t *pData, uint16_t Size, uint32_t Timeout);
                   ^~~~~~~~~~~~~~~~
arm-none-eabi-gcc -o "001HumidtyMonitor.elf" @"objects.list"   -mcpu=cortex-m4 -T"D:\CortexM4_Embedded\001HumidtyMonitor\STM32F407VGTX_FLASH.ld" --specs=nosys.specs -Wl,-Map="001HumidtyMonitor.map" -Wl,--gc-sections -static --specs=nano.specs -mfpu=fpv4-sp-d16 -mfloat-abi=hard -mthumb -Wl,--start-group -lc -lm -Wl,--end-group
Finished building target: 001HumidtyMonitor.elf
 
arm-none-eabi-objdump -h -S  001HumidtyMonitor.elf  > "001HumidtyMonitor.list"
arm-none-eabi-objcopy  -O binary  001HumidtyMonitor.elf  "001HumidtyMonitor.bin"
arm-none-eabi-size   001HumidtyMonitor.elf 
   text	   data	    bss	    dec	    hex	filename
  13100	     20	   1892	  15012	   3aa4	001HumidtyMonitor.elf
Finished building: default.size.stdout
 
Finished building: 001HumidtyMonitor.bin
 
Finished building: 001HumidtyMonitor.list
 
18:29:04 **** Incremental Build of configuration Debug for project 001HumidtyMonitor ****
make -j4 all 
arm-none-eabi-size   001HumidtyMonitor.elf 
   text	   data	    bss	    dec	    hex	filename
  13100	     20	   1892	  15012	   3aa4	001HumidtyMonitor.elf
Finished building: default.size.stdout
 
18:42:41 **** Incremental Build of configuration Debug for project 001HumidtyMonitor ****
make -j4 all 
arm-none-eabi-gcc "../Core/Src/main.c" -mcpu=cortex-m4 -std=gnu11 -g3 -DUSE_HAL_DRIVER -DDEBUG -DSTM32F407xx -c -I../Core/Inc -I../Drivers/STM32F4xx_HAL_Driver/Inc -I../Drivers/STM32F4xx_HAL_Driver/Inc/Legacy -I../Drivers/CMSIS/Device/ST/STM32F4xx/Include -I../Drivers/CMSIS/Include -O0 -ffunction-sections -fdata-sections -Wall -fstack-usage -MMD -MP -MF"Core/Src/main.d" -MT"Core/Src/main.o" --specs=nano.specs -mfpu=fpv4-sp-d16 -mfloat-abi=hard -mthumb -o "Core/Src/main.o"
../Core/Src/main.c: In function 'main':
../Core/Src/main.c:92:30: warning: passing argument 2 of 'HAL_SPI_Transmit' makes pointer from integer without a cast [-Wint-conversion]
     HAL_SPI_Transmit(&hspi1, 2, 1, 10);
                              ^
In file included from ../Core/Inc/stm32f4xx_hal_conf.h:396:0,
                 from ../Drivers/STM32F4xx_HAL_Driver/Inc/stm32f4xx_hal.h:30,
                 from ../Core/Inc/main.h:31,
                 from ../Core/Src/main.c:21:
../Drivers/STM32F4xx_HAL_Driver/Inc/stm32f4xx_hal_spi.h:666:19: note: expected 'uint8_t * {aka unsigned char *}' but argument is of type 'int'
 HAL_StatusTypeDef HAL_SPI_Transmit(SPI_HandleTypeDef *hspi, uint8_t *pData, uint16_t Size, uint32_t Timeout);
                   ^~~~~~~~~~~~~~~~
arm-none-eabi-gcc -o "001HumidtyMonitor.elf" @"objects.list"   -mcpu=cortex-m4 -T"D:\CortexM4_Embedded\001HumidtyMonitor\STM32F407VGTX_FLASH.ld" --specs=nosys.specs -Wl,-Map="001HumidtyMonitor.map" -Wl,--gc-sections -static --specs=nano.specs -mfpu=fpv4-sp-d16 -mfloat-abi=hard -mthumb -Wl,--start-group -lc -lm -Wl,--end-group
Finished building target: 001HumidtyMonitor.elf
 
arm-none-eabi-objdump -h -S  001HumidtyMonitor.elf  > "001HumidtyMonitor.list"
arm-none-eabi-objcopy  -O binary  001HumidtyMonitor.elf  "001HumidtyMonitor.bin"
arm-none-eabi-size   001HumidtyMonitor.elf 
   text	   data	    bss	    dec	    hex	filename
  13064	     20	   1892	  14976	   3a80	001HumidtyMonitor.elf
Finished building: default.size.stdout
 
Finished building: 001HumidtyMonitor.bin
 
Finished building: 001HumidtyMonitor.list
 
18:44:33 **** Incremental Build of configuration Debug for project 001HumidtyMonitor ****
make -j4 all 
arm-none-eabi-size   001HumidtyMonitor.elf 
   text	   data	    bss	    dec	    hex	filename
  13064	     20	   1892	  14976	   3a80	001HumidtyMonitor.elf
Finished building: default.size.stdout
 
